2026-08-20T10:00:01 INFO api Request completed status=200
2026-08-20T10:00:02 INFO api Request completed status=200
2026-08-20T10:00:03 INFO api Request completed status=201
2026-08-20T10:00:04 INFO api Request completed status=200
2026-08-20T10:00:04 INFO api Request completed status=200
2026-08-20T10:00:04 INFO api Request completed status=201
2026-08-20T10:00:06 INFO api Request completed status=200
2026-08-20T10:00:08 INFO api Request completed status=200
2026-08-20T10:00:08 INFO api Request completed status=201
2026-08-20T10:00:09 INFO api Request completed status=201
2026-08-20T10:00:11 INFO api Request completed status=200
2026-08-20T10:00:12 INFO api Request completed status=200
2026-08-20T10:00:12 INFO api Request completed status=200
2026-08-20T10:00:12 INFO api Request completed status=200
2026-08-20T10:00:15 INFO api Request completed status=201
2026-08-20T10:00:16 INFO api Request completed status=200
2026-08-20T10:00:17 INFO api Request completed status=200
2026-08-20T10:00:17 INFO api Request completed status=201
2026-08-20T10:00:18 INFO api Request completed status=200
2026-08-20T10:00:18 INFO api Request completed status=201
2026-08-20T10:00:19 INFO api Request completed status=200
2026-08-20T10:00:20 INFO api Request completed status=200
2026-08-20T10:00:22 ERROR api Timeout connecting to Redis
2026-08-20T10:00:25 INFO api Request completed status=200
2026-08-20T10:00:25 INFO api Request completed status=200
2026-08-20T10:00:25 INFO api Request completed status=204
2026-08-20T10:00:26 INFO api Request completed status=200
2026-08-20T10:00:26 INFO api Request completed status=204
2026-08-20T10:00:28 INFO api Request completed status=201
2026-08-20T10:00:29 INFO api Request completed status=204
2026-08-20T10:00:30 INFO api Request completed status=204
2026-08-20T10:00:31 INFO api Request completed status=200
2026-08-20T10:00:32 INFO api Request completed status=201
2026-08-20T10:00:35 INFO api Request completed status=201
2026-08-20T10:00:38 INFO api Request completed status=200
2026-08-20T10:00:39 INFO api Request completed status=200
2026-08-20T10:00:42 INFO api Request completed status=200
2026-08-20T10:00:44 INFO api Request completed status=200
2026-08-20T10:00:44 INFO api Request completed status=200
2026-08-20T10:00:48 INFO api Request completed status=200
2026-08-20T10:00:48 INFO api Request completed status=201
2026-08-20T10:00:49 INFO api Request completed status=200
2026-08-20T10:00:49 INFO api Request completed status=201
2026-08-20T10:00:52 INFO api Request completed status=200
2026-08-20T10:00:52 INFO api Request completed status=200
2026-08-20T10:00:52 INFO api Request completed status=201
2026-08-20T10:00:52 INFO api Request completed status=204
2026-08-20T10:00:53 INFO api Request completed status=200
2026-08-20T10:00:53 INFO api Request completed status=204
2026-08-20T10:00:54 ERROR api Upstream service returned status=503
2026-08-20T10:00:54 INFO api Request completed status=200
2026-08-20T10:00:54 INFO api Request completed status=201
2026-08-20T10:00:55 INFO api Request completed status=201
2026-08-20T10:00:56 INFO api Request completed status=200
2026-08-20T10:00:58 INFO api Request completed status=201
2026-08-20T10:00:59 INFO api Request completed status=200
2026-08-20T10:01:00 INFO api Request completed status=204
2026-08-20T10:01:01 INFO api Request completed status=200
2026-08-20T10:01:01 INFO api Request completed status=200
2026-08-20T10:01:02 INFO api Request completed status=200
2026-08-20T10:01:02 INFO api Request completed status=200
2026-08-20T10:01:02 INFO api Request completed status=204
2026-08-20T10:01:06 INFO api Request completed status=200
2026-08-20T10:01:10 INFO api Request completed status=200
2026-08-20T10:01:10 INFO api Request completed status=204
2026-08-20T10:01:12 ERROR api Database connection failed
2026-08-20T10:01:13 INFO api Request completed status=200
2026-08-20T10:01:15 INFO api Request completed status=200
2026-08-20T10:01:17 INFO api Request completed status=200
2026-08-20T10:01:20 INFO api Request completed status=200
2026-08-20T10:01:22 INFO api Request completed status=200
2026-08-20T10:01:22 INFO api Request completed status=200
2026-08-20T10:01:24 INFO api Request completed status=201
2026-08-20T10:01:24 INFO api Request completed status=204
2026-08-20T10:01:26 INFO api Request completed status=204
2026-08-20T10:01:27 INFO api Request completed status=200
2026-08-20T10:01:28 INFO api Request completed status=200
2026-08-20T10:01:31 INFO api Request completed status=200
2026-08-20T10:01:31 INFO api Request completed status=200
2026-08-20T10:01:33 INFO api Request completed status=200
2026-08-20T10:01:35 ERROR api Database connection failed
2026-08-20T10:01:35 INFO api Request completed status=200
2026-08-20T10:01:35 INFO api Request completed status=204
2026-08-20T10:01:37 INFO api Request completed status=200
2026-08-20T10:01:37 INFO api Request completed status=201
2026-08-20T10:01:38 INFO api Request completed status=200
2026-08-20T10:01:38 INFO api Request completed status=200
2026-08-20T10:01:39 INFO api Request completed status=200
2026-08-20T10:01:39 INFO api Request completed status=201
2026-08-20T10:01:40 INFO api Request completed status=200
2026-08-20T10:01:45 INFO api Request completed status=201
2026-08-20T10:01:45 INFO api Request completed status=201
2026-08-20T10:01:48 INFO api Request completed status=200
2026-08-20T10:01:49 INFO api Request completed status=200
2026-08-20T10:01:51 INFO api Request completed status=200
2026-08-20T10:01:51 INFO api Request completed status=201
2026-08-20T10:01:55 INFO api Request completed status=201
2026-08-20T10:01:56 INFO api Request completed status=200
2026-08-20T10:01:56 INFO api Request completed status=200
2026-08-20T10:01:57 INFO api Request completed status=200
2026-08-20T10:01:58 INFO api Request completed status=204
2026-08-20T10:02:01 INFO api Request completed status=204
2026-08-20T10:02:02 INFO api Request completed status=200
2026-08-20T10:02:02 INFO api Request completed status=204
2026-08-20T10:02:05 INFO api Request completed status=201
2026-08-20T10:02:06 INFO api Request completed status=201
2026-08-20T10:02:06 INFO api Request completed status=201
2026-08-20T10:02:08 INFO api Request completed status=200
2026-08-20T10:02:09 INFO api Request completed status=200
2026-08-20T10:02:09 INFO api Request completed status=200
2026-08-20T10:02:10 INFO api Request completed status=200
2026-08-20T10:02:11 ERROR api Upstream service returned status=503
2026-08-20T10:02:11 INFO api Request completed status=200
2026-08-20T10:02:11 INFO api Request completed status=201
2026-08-20T10:02:15 INFO api Request completed status=201
2026-08-20T10:02:16 INFO api Request completed status=200
2026-08-20T10:02:17 INFO api Request completed status=200
2026-08-20T10:02:17 INFO api Request completed status=200
2026-08-20T10:02:17 INFO api Request completed status=201
2026-08-20T10:02:18 INFO api Request completed status=200
2026-08-20T10:02:19 INFO api Request completed status=204
2026-08-20T10:02:20 ERROR api Database connection failed
2026-08-20T10:02:22 INFO api Request completed status=200
2026-08-20T10:02:22 INFO api Request completed status=200
2026-08-20T10:02:23 INFO api Request completed status=201
2026-08-20T10:02:25 INFO api Request completed status=201
2026-08-20T10:02:25 INFO api Request completed status=201
2026-08-20T10:02:25 INFO api Request completed status=204
2026-08-20T10:02:29 INFO api Request completed status=200
2026-08-20T10:02:29 INFO api Request completed status=204
2026-08-20T10:02:30 INFO api Request completed status=200
2026-08-20T10:02:30 INFO api Request completed status=200
2026-08-20T10:02:31 INFO api Request completed status=200
2026-08-20T10:02:31 INFO api Request completed status=201
2026-08-20T10:02:32 ERROR api Upstream service returned status=503
2026-08-20T10:02:32 INFO api Request completed status=200
2026-08-20T10:02:32 INFO api Request completed status=204
2026-08-20T10:02:33 INFO api Request completed status=201
2026-08-20T10:02:36 INFO api Request completed status=200
2026-08-20T10:02:38 INFO api Request completed status=200
2026-08-20T10:02:38 INFO api Request completed status=204
2026-08-20T10:02:40 INFO api Request completed status=200
2026-08-20T10:02:42 INFO api Request completed status=200
2026-08-20T10:02:45 INFO api Request completed status=200
2026-08-20T10:02:48 INFO api Request completed status=200
2026-08-20T10:02:49 INFO api Request completed status=201
2026-08-20T10:02:50 INFO api Request completed status=204
2026-08-20T10:02:52 INFO api Request completed status=204
2026-08-20T10:02:55 INFO api Request completed status=201
2026-08-20T10:02:58 INFO api Request completed status=200
2026-08-20T10:02:59 INFO api Request completed status=200
2026-08-20T10:03:02 INFO api Request completed status=201
2026-08-20T10:03:03 INFO api Request completed status=200
2026-08-20T10:03:03 INFO api Request completed status=200
2026-08-20T10:03:03 INFO api Request completed status=201
2026-08-20T10:03:08 INFO api Request completed status=204
2026-08-20T10:03:11 INFO api Request completed status=200
2026-08-20T10:03:13 INFO api Request completed status=204
2026-08-20T10:03:15 INFO api Request completed status=200
2026-08-20T10:03:15 INFO api Request completed status=204
2026-08-20T10:03:16 INFO api Request completed status=200
2026-08-20T10:03:17 INFO api Request completed status=200
2026-08-20T10:03:17 INFO api Request completed status=201
2026-08-20T10:03:18 INFO api Request completed status=200
2026-08-20T10:03:19 ERROR api Database connection failed
2026-08-20T10:03:20 INFO api Request completed status=201
2026-08-20T10:03:24 INFO api Request completed status=200
2026-08-20T10:03:24 INFO api Request completed status=201
2026-08-20T10:03:25 INFO api Request completed status=200
2026-08-20T10:03:25 INFO api Request completed status=200
2026-08-20T10:03:26 INFO api Request completed status=201
2026-08-20T10:03:27 INFO api Request completed status=200
2026-08-20T10:03:28 INFO api Request completed status=200
2026-08-20T10:03:32 INFO api Request completed status=200
2026-08-20T10:03:33 INFO api Request completed status=200
2026-08-20T10:03:36 INFO api Request completed status=200
2026-08-20T10:03:36 INFO api Request completed status=201
2026-08-20T10:03:36 INFO api Request completed status=204
2026-08-20T10:03:37 INFO api Request completed status=201
2026-08-20T10:03:39 INFO api Request completed status=200
2026-08-20T10:03:39 INFO api Request completed status=200
2026-08-20T10:03:41 INFO api Request completed status=204
2026-08-20T10:03:41 INFO api Request completed status=204
2026-08-20T10:03:45 INFO api Request completed status=204
2026-08-20T10:03:47 INFO api Request completed status=204
2026-08-20T10:03:48 INFO api Request completed status=200
2026-08-20T10:03:49 INFO api Request completed status=201
2026-08-20T10:03:50 INFO api Request completed status=200
2026-08-20T10:03:50 INFO api Request completed status=201
2026-08-20T10:03:51 INFO api Request completed status=200
2026-08-20T10:03:52 INFO api Request completed status=200
2026-08-20T10:03:52 INFO api Request completed status=200
2026-08-20T10:03:55 INFO api Request completed status=204
2026-08-20T10:03:56 INFO api Request completed status=200
2026-08-20T10:03:56 INFO api Request completed status=200
2026-08-20T10:03:57 INFO api Request completed status=204
2026-08-20T10:04:01 INFO api Request completed status=200
2026-08-20T10:04:02 INFO api Request completed status=204
2026-08-20T10:04:04 INFO api Request completed status=200
2026-08-20T10:04:05 INFO api Request completed status=200
2026-08-20T10:04:06 INFO api Request completed status=200
2026-08-20T10:04:06 INFO api Request completed status=204
2026-08-20T10:04:07 INFO api Request completed status=200
2026-08-20T10:04:09 INFO api Request completed status=200
2026-08-20T10:04:10 INFO api Request completed status=204
2026-08-20T10:04:11 INFO api Request completed status=200
2026-08-20T10:04:11 INFO api Request completed status=201
2026-08-20T10:04:13 INFO api Request completed status=204
2026-08-20T10:04:14 INFO api Request completed status=200
2026-08-20T10:04:14 INFO api Request completed status=201
2026-08-20T10:04:16 INFO api Request completed status=204
2026-08-20T10:04:18 INFO api Request completed status=200
2026-08-20T10:04:19 ERROR api Upstream service returned status=503
2026-08-20T10:04:19 INFO api Request completed status=201
2026-08-20T10:04:20 INFO api Request completed status=200
2026-08-20T10:04:20 INFO api Request completed status=200
2026-08-20T10:04:21 INFO api Request completed status=200
2026-08-20T10:04:21 INFO api Request completed status=200
2026-08-20T10:04:24 INFO api Request completed status=201
2026-08-20T10:04:26 INFO api Request completed status=201
2026-08-20T10:04:28 INFO api Request completed status=200
2026-08-20T10:04:28 INFO api Request completed status=200
2026-08-20T10:04:28 INFO api Request completed status=201
2026-08-20T10:04:28 INFO api Request completed status=204
2026-08-20T10:04:32 INFO api Request completed status=200
2026-08-20T10:04:32 INFO api Request completed status=201
2026-08-20T10:04:33 INFO api Request completed status=200
2026-08-20T10:04:35 INFO api Request completed status=200
2026-08-20T10:04:35 INFO api Request completed status=200
2026-08-20T10:04:37 INFO api Request completed status=200
2026-08-20T10:04:42 INFO api Request completed status=204
2026-08-20T10:04:42 INFO api Request completed status=204
2026-08-20T10:04:43 INFO api Request completed status=200
2026-08-20T10:04:46 INFO api Request completed status=200
2026-08-20T10:04:46 INFO api Request completed status=204
2026-08-20T10:04:47 INFO api Request completed status=204
2026-08-20T10:04:48 INFO api Request completed status=200
2026-08-20T10:04:49 INFO api Request completed status=204
2026-08-20T10:04:50 ERROR api Database connection failed
2026-08-20T10:04:50 INFO api Request completed status=200
2026-08-20T10:04:50 INFO api Request completed status=200
2026-08-20T10:04:51 INFO api Request completed status=201
2026-08-20T10:04:51 INFO api Request completed status=201
2026-08-20T10:04:51 INFO api Request completed status=201
2026-08-20T10:04:55 INFO api Request completed status=200
2026-08-20T10:04:55 INFO api Request completed status=200
2026-08-20T10:04:55 INFO api Request completed status=200
2026-08-20T10:04:58 INFO api Request completed status=200
2026-08-20T10:04:58 INFO api Request completed status=204
2026-08-20T10:04:59 INFO api Request completed status=200
2026-08-20T10:05:00 INFO api Request completed status=200
2026-08-20T10:05:01 INFO api Request completed status=200
2026-08-20T10:05:02 INFO api Request completed status=204
2026-08-20T10:05:03 INFO api Request completed status=200
2026-08-20T10:05:06 INFO api Request completed status=200
2026-08-20T10:05:09 INFO api Request completed status=200
2026-08-20T10:05:11 INFO api Request completed status=200
2026-08-20T10:05:11 INFO api Request completed status=201
2026-08-20T10:05:12 INFO api Request completed status=200
2026-08-20T10:05:13 INFO api Request completed status=200
2026-08-20T10:05:14 INFO api Request completed status=200
2026-08-20T10:05:14 INFO api Request completed status=200
2026-08-20T10:05:14 INFO api Request completed status=201
2026-08-20T10:05:15 INFO api Request completed status=200
2026-08-20T10:05:15 INFO api Request completed status=204
2026-08-20T10:05:16 ERROR api Failed to process job job_id=job-123
2026-08-20T10:05:16 INFO api Request completed status=200
2026-08-20T10:05:16 INFO api Request completed status=200
2026-08-20T10:05:17 INFO api Request completed status=201
2026-08-20T10:05:17 INFO api Request completed status=201
2026-08-20T10:05:18 INFO api Request completed status=200
2026-08-20T10:05:18 INFO api Request completed status=201
2026-08-20T10:05:20 INFO api Request completed status=200
2026-08-20T10:05:21 ERROR api Failed to process job job_id=job-123
2026-08-20T10:05:22 INFO api Request completed status=200
2026-08-20T10:05:22 INFO api Request completed status=201
2026-08-20T10:05:23 INFO api Request completed status=200
2026-08-20T10:05:26 INFO api Request completed status=200
2026-08-20T10:05:26 INFO api Request completed status=200
2026-08-20T10:05:26 INFO api Request completed status=200
2026-08-20T10:05:26 INFO api Request completed status=204
2026-08-20T10:05:28 ERROR api Database connection failed
2026-08-20T10:05:28 INFO api Request completed status=201
2026-08-20T10:05:29 INFO api Request completed status=204
2026-08-20T10:05:30 INFO api Request completed status=200
2026-08-20T10:05:34 INFO api Request completed status=201
2026-08-20T10:05:36 INFO api Request completed status=200
2026-08-20T10:05:36 INFO api Request completed status=200
2026-08-20T10:05:36 INFO api Request completed status=201
2026-08-20T10:05:38 INFO api Request completed status=200
2026-08-20T10:05:39 INFO api Request completed status=201
2026-08-20T10:05:40 INFO api Request completed status=200
2026-08-20T10:05:41 INFO api Request completed status=200
2026-08-20T10:05:42 INFO api Request completed status=200
2026-08-20T10:05:42 INFO api Request completed status=200
2026-08-20T10:05:43 INFO api Request completed status=201
2026-08-20T10:05:44 INFO api Request completed status=200
2026-08-20T10:05:44 INFO api Request completed status=200
2026-08-20T10:05:49 INFO api Request completed status=200
2026-08-20T10:05:49 INFO api Request completed status=200
2026-08-20T10:05:49 INFO api Request completed status=201
2026-08-20T10:05:51 INFO api Request completed status=200
2026-08-20T10:05:52 INFO api Request completed status=200
2026-08-20T10:05:52 INFO api Request completed status=200
2026-08-20T10:05:54 INFO api Request completed status=200
2026-08-20T10:05:56 INFO api Request completed status=204
2026-08-20T10:05:58 INFO api Request completed status=201
2026-08-20T10:06:00 INFO api Request completed status=201
2026-08-20T10:06:01 INFO api Request completed status=200
2026-08-20T10:06:01 INFO api Request completed status=204
2026-08-20T10:06:02 INFO api Request completed status=204
2026-08-20T10:06:03 INFO api Request completed status=200
2026-08-20T10:06:03 INFO api Request completed status=204
2026-08-20T10:06:04 INFO api Request completed status=200
2026-08-20T10:06:05 ERROR api Timeout connecting to Redis
2026-08-20T10:06:06 INFO api Request completed status=200
2026-08-20T10:06:08 INFO api Request completed status=200
2026-08-20T10:06:11 INFO api Request completed status=204
2026-08-20T10:06:13 ERROR api Upstream service returned status=503
2026-08-20T10:06:13 INFO api Request completed status=200
2026-08-20T10:06:15 INFO api Request completed status=200
2026-08-20T10:06:16 INFO api Request completed status=200
2026-08-20T10:06:20 INFO api Request completed status=201
2026-08-20T10:06:21 INFO api Request completed status=200
2026-08-20T10:06:22 INFO api Request completed status=200
2026-08-20T10:06:23 ERROR api Timeout connecting to Redis
2026-08-20T10:06:23 ERROR api Upstream service returned status=503
2026-08-20T10:06:26 INFO api Request completed status=200
2026-08-20T10:06:26 INFO api Request completed status=201
2026-08-20T10:06:27 INFO api Request completed status=200
2026-08-20T10:06:27 INFO api Request completed status=201
2026-08-20T10:06:28 INFO api Request completed status=200
2026-08-20T10:06:29 INFO api Request completed status=204
2026-08-20T10:06:32 INFO api Request completed status=200
2026-08-20T10:06:33 INFO api Request completed status=200
2026-08-20T10:06:35 INFO api Request completed status=200
2026-08-20T10:06:36 INFO api Request completed status=201
2026-08-20T10:06:38 INFO api Request completed status=200
2026-08-20T10:06:42 INFO api Request completed status=201
2026-08-20T10:06:43 INFO api Request completed status=200
2026-08-20T10:06:43 INFO api Request completed status=200
2026-08-20T10:06:45 INFO api Request completed status=200
2026-08-20T10:06:45 INFO api Request completed status=200
2026-08-20T10:06:45 INFO api Request completed status=201
2026-08-20T10:06:45 INFO api Request completed status=201
2026-08-20T10:06:46 INFO api Request completed status=204
2026-08-20T10:06:47 INFO api Request completed status=200
2026-08-20T10:06:52 INFO api Request completed status=200
2026-08-20T10:06:54 INFO api Request completed status=200
2026-08-20T10:06:57 INFO api Request completed status=200
2026-08-20T10:06:57 INFO api Request completed status=201
2026-08-20T10:06:58 INFO api Request completed status=201
2026-08-20T10:07:01 INFO api Request completed status=201
2026-08-20T10:07:03 ERROR api Failed to process job job_id=job-123
2026-08-20T10:07:03 INFO api Request completed status=200
2026-08-20T10:07:04 ERROR api Upstream service returned status=503
2026-08-20T10:07:06 INFO api Request completed status=204
2026-08-20T10:07:07 ERROR api Timeout connecting to Redis
2026-08-20T10:07:08 INFO api Request completed status=204
2026-08-20T10:07:09 INFO api Request completed status=201
2026-08-20T10:07:09 INFO api Request completed status=204
2026-08-20T10:07:10 INFO api Request completed status=200
2026-08-20T10:07:11 INFO api Request completed status=200
2026-08-20T10:07:12 INFO api Request completed status=200
2026-08-20T10:07:12 INFO api Request completed status=200
2026-08-20T10:07:12 INFO api Request completed status=204
2026-08-20T10:07:13 INFO api Request completed status=200
2026-08-20T10:07:13 INFO api Request completed status=201
2026-08-20T10:07:13 INFO api Request completed status=204
2026-08-20T10:07:14 INFO api Request completed status=200
2026-08-20T10:07:14 INFO api Request completed status=201
2026-08-20T10:07:14 INFO api Request completed status=204
2026-08-20T10:07:15 INFO api Request completed status=204
2026-08-20T10:07:17 INFO api Request completed status=200
2026-08-20T10:07:18 INFO api Request completed status=201
2026-08-20T10:07:19 INFO api Request completed status=200
2026-08-20T10:07:22 INFO api Request completed status=200
2026-08-20T10:07:24 INFO api Request completed status=200
2026-08-20T10:07:24 INFO api Request completed status=204
2026-08-20T10:07:27 ERROR api Database connection failed
2026-08-20T10:07:27 INFO api Request completed status=200
2026-08-20T10:07:28 INFO api Request completed status=200
2026-08-20T10:07:29 INFO api Request completed status=204
2026-08-20T10:07:30 ERROR api Timeout connecting to Redis
2026-08-20T10:07:30 INFO api Request completed status=200
2026-08-20T10:07:30 INFO api Request completed status=201
2026-08-20T10:07:30 INFO api Request completed status=204
2026-08-20T10:07:31 INFO api Request completed status=200
2026-08-20T10:07:34 INFO api Request completed status=200
2026-08-20T10:07:34 INFO api Request completed status=200
2026-08-20T10:07:36 INFO api Request completed status=204
2026-08-20T10:07:38 INFO api Request completed status=200
2026-08-20T10:07:40 INFO api Request completed status=200
2026-08-20T10:07:42 INFO api Request completed status=200
2026-08-20T10:07:43 INFO api Request completed status=200
2026-08-20T10:07:43 INFO api Request completed status=200
2026-08-20T10:07:44 INFO api Request completed status=200
2026-08-20T10:07:44 INFO api Request completed status=200
2026-08-20T10:07:45 INFO api Request completed status=200
2026-08-20T10:07:45 INFO api Request completed status=201
2026-08-20T10:07:46 INFO api Request completed status=204
2026-08-20T10:07:48 ERROR api Upstream service returned status=503
2026-08-20T10:07:48 INFO api Request completed status=200
2026-08-20T10:07:48 INFO api Request completed status=204
2026-08-20T10:07:50 INFO api Request completed status=201
2026-08-20T10:07:52 ERROR api Failed to process job job_id=job-123
2026-08-20T10:07:52 INFO api Request completed status=200
2026-08-20T10:07:52 INFO api Request completed status=204
2026-08-20T10:07:54 INFO api Request completed status=201
2026-08-20T10:07:58 INFO api Request completed status=200
2026-08-20T10:07:59 INFO api Request completed status=201
2026-08-20T10:07:59 INFO api Request completed status=204
2026-08-20T10:08:06 INFO api Request completed status=200
2026-08-20T10:08:08 INFO api Request completed status=200
2026-08-20T10:08:10 INFO api Request completed status=200
2026-08-20T10:08:11 INFO api Request completed status=200
2026-08-20T10:08:14 INFO api Request completed status=200
2026-08-20T10:08:15 INFO api Request completed status=200
2026-08-20T10:08:15 INFO api Request completed status=200
2026-08-20T10:08:17 INFO api Request completed status=200
2026-08-20T10:08:22 INFO api Request completed status=201
2026-08-20T10:08:23 ERROR api Failed to process job job_id=job-123
2026-08-20T10:08:24 INFO api Request completed status=200
2026-08-20T10:08:24 INFO api Request completed status=204
2026-08-20T10:08:26 INFO api Request completed status=200
2026-08-20T10:08:26 INFO api Request completed status=200
2026-08-20T10:08:26 INFO api Request completed status=200
2026-08-20T10:08:28 ERROR api Upstream service returned status=503
2026-08-20T10:08:31 INFO api Request completed status=200
2026-08-20T10:08:32 ERROR api Failed to process job job_id=job-123
2026-08-20T10:08:35 INFO api Request completed status=201
2026-08-20T10:08:37 INFO api Request completed status=200
2026-08-20T10:08:37 INFO api Request completed status=200
2026-08-20T10:08:37 INFO api Request completed status=200
2026-08-20T10:08:38 INFO api Request completed status=201
2026-08-20T10:08:39 INFO api Request completed status=200
2026-08-20T10:08:43 INFO api Request completed status=200
2026-08-20T10:08:43 INFO api Request completed status=200
2026-08-20T10:08:43 INFO api Request completed status=204
2026-08-20T10:08:44 INFO api Request completed status=200
2026-08-20T10:08:44 INFO api Request completed status=200
2026-08-20T10:08:44 INFO api Request completed status=204
2026-08-20T10:08:45 INFO api Request completed status=204
2026-08-20T10:08:46 INFO api Request completed status=201
2026-08-20T10:08:47 INFO api Request completed status=201
2026-08-20T10:08:48 INFO api Request completed status=201
2026-08-20T10:08:49 ERROR api Database connection failed
2026-08-20T10:08:49 INFO api Request completed status=200
2026-08-20T10:08:49 INFO api Request completed status=201
2026-08-20T10:08:51 INFO api Request completed status=201
2026-08-20T10:08:52 INFO api Request completed status=200
2026-08-20T10:08:52 INFO api Request completed status=200
2026-08-20T10:08:52 INFO api Request completed status=204
2026-08-20T10:08:53 INFO api Request completed status=201
2026-08-20T10:08:55 INFO api Request completed status=200
2026-08-20T10:08:58 INFO api Request completed status=200
2026-08-20T10:08:58 INFO api Request completed status=204
2026-08-20T10:08:59 INFO api Request completed status=204
2026-08-20T10:09:01 INFO api Request completed status=200
2026-08-20T10:09:05 INFO api Request completed status=200
2026-08-20T10:09:06 INFO api Request completed status=200
2026-08-20T10:09:11 INFO api Request completed status=204
2026-08-20T10:09:14 INFO api Request completed status=200
2026-08-20T10:09:17 INFO api Request completed status=200
2026-08-20T10:09:18 INFO api Request completed status=200
2026-08-20T10:09:19 INFO api Request completed status=204
2026-08-20T10:09:20 INFO api Request completed status=200
2026-08-20T10:09:20 INFO api Request completed status=200
2026-08-20T10:09:23 INFO api Request completed status=200
2026-08-20T10:09:23 INFO api Request completed status=201
2026-08-20T10:09:25 INFO api Request completed status=200
2026-08-20T10:09:27 INFO api Request completed status=204
2026-08-20T10:09:28 INFO api Request completed status=200
2026-08-20T10:09:28 INFO api Request completed status=201
2026-08-20T10:09:31 INFO api Request completed status=200
2026-08-20T10:09:34 INFO api Request completed status=200
2026-08-20T10:09:36 INFO api Request completed status=200
2026-08-20T10:09:36 INFO api Request completed status=200
2026-08-20T10:09:37 INFO api Request completed status=200
2026-08-20T10:09:37 INFO api Request completed status=201
2026-08-20T10:09:38 ERROR api Database connection failed
2026-08-20T10:09:39 INFO api Request completed status=201
2026-08-20T10:09:40 INFO api Request completed status=200
2026-08-20T10:09:41 INFO api Request completed status=200
2026-08-20T10:09:44 INFO api Request completed status=200
2026-08-20T10:09:44 INFO api Request completed status=204
2026-08-20T10:09:45 INFO api Request completed status=200
2026-08-20T10:09:46 INFO api Request completed status=200
2026-08-20T10:09:46 INFO api Request completed status=200
2026-08-20T10:09:48 INFO api Request completed status=200
2026-08-20T10:09:49 INFO api Request completed status=200
2026-08-20T10:09:50 INFO api Request completed status=200
2026-08-20T10:09:50 INFO api Request completed status=200
2026-08-20T10:09:54 INFO api Request completed status=200
2026-08-20T10:09:57 INFO api Request completed status=200
2026-08-20T10:09:57 INFO api Request completed status=200
2026-08-20T10:09:58 INFO api Request completed status=200
2026-08-20T10:09:58 INFO api Request completed status=200
2026-08-20T10:09:59 INFO api Request completed status=200
2026-08-20T10:09:59 INFO api Request completed status=200
2026-08-20T10:10:00 INFO api Request completed status=200
2026-08-20T10:10:03 ERROR api Database connection failed
2026-08-20T10:10:03 INFO api Request completed status=204
2026-08-20T10:10:05 INFO api Request completed status=204
2026-08-20T10:10:06 INFO api Request completed status=200
2026-08-20T10:10:08 ERROR api Timeout connecting to Redis
2026-08-20T10:10:10 ERROR api Upstream service returned status=503
2026-08-20T10:10:10 INFO api Request completed status=200
2026-08-20T10:10:12 INFO api Request completed status=204
2026-08-20T10:10:14 INFO api Request completed status=200
2026-08-20T10:10:14 INFO api Request completed status=201
2026-08-20T10:10:15 INFO api Request completed status=200
2026-08-20T10:10:15 INFO api Request completed status=204
2026-08-20T10:10:17 ERROR api Timeout connecting to Redis
2026-08-20T10:10:17 INFO api Request completed status=201
2026-08-20T10:10:18 ERROR api Failed to process job job_id=job-123
2026-08-20T10:10:19 ERROR api Upstream service returned status=503
2026-08-20T10:10:19 INFO api Request completed status=200
2026-08-20T10:10:19 INFO api Request completed status=204
2026-08-20T10:10:21 INFO api Request completed status=200
2026-08-20T10:10:21 INFO api Request completed status=200
2026-08-20T10:10:21 INFO api Request completed status=201
2026-08-20T10:10:22 INFO api Request completed status=201
2026-08-20T10:10:25 INFO api Request completed status=200
2026-08-20T10:10:29 INFO api Request completed status=200
2026-08-20T10:10:35 INFO api Request completed status=200
2026-08-20T10:10:35 INFO api Request completed status=201
2026-08-20T10:10:36 ERROR api Timeout connecting to Redis
2026-08-20T10:10:38 INFO api Request completed status=204
2026-08-20T10:10:39 ERROR api Database connection failed
2026-08-20T10:10:39 ERROR api Database connection failed
2026-08-20T10:10:39 ERROR api Timeout connecting to Redis
2026-08-20T10:10:42 INFO api Request completed status=201
2026-08-20T10:10:44 INFO api Request completed status=204
2026-08-20T10:10:45 INFO api Request completed status=200
2026-08-20T10:10:47 INFO api Request completed status=200
2026-08-20T10:10:48 ERROR api Database connection failed
2026-08-20T10:10:48 INFO api Request completed status=200
2026-08-20T10:10:53 INFO api Request completed status=200
2026-08-20T10:10:53 INFO api Request completed status=200
2026-08-20T10:10:53 INFO api Request completed status=200
2026-08-20T10:10:54 ERROR api Upstream service returned status=503
2026-08-20T10:10:55 ERROR api Failed to process job job_id=job-123
2026-08-20T10:10:56 ERROR api Upstream service returned status=503
2026-08-20T10:10:56 INFO api Request completed status=200
2026-08-20T10:10:57 INFO api Request completed status=204
2026-08-20T10:10:58 ERROR api Timeout connecting to Redis
2026-08-20T10:11:01 INFO api Request completed status=200
2026-08-20T10:11:01 INFO api Request completed status=200
2026-08-20T10:11:02 ERROR api Failed to process job job_id=job-123
2026-08-20T10:11:04 ERROR api Failed to process job job_id=job-123
2026-08-20T10:11:05 INFO api Request completed status=200
2026-08-20T10:11:05 INFO api Request completed status=201
2026-08-20T10:11:06 INFO api Request completed status=200
2026-08-20T10:11:07 INFO api Request completed status=201
2026-08-20T10:11:07 INFO api Request completed status=204
2026-08-20T10:11:09 ERROR api Failed to process job job_id=job-123
2026-08-20T10:11:09 INFO api Request completed status=200
2026-08-20T10:11:09 INFO api Request completed status=204
2026-08-20T10:11:10 INFO api Request completed status=200
2026-08-20T10:11:10 INFO api Request completed status=200
2026-08-20T10:11:10 INFO api Request completed status=200
2026-08-20T10:11:10 INFO api Request completed status=201
2026-08-20T10:11:11 ERROR api Timeout connecting to Redis
2026-08-20T10:11:12 INFO api Request completed status=201
2026-08-20T10:11:13 INFO api Request completed status=200
2026-08-20T10:11:13 INFO api Request completed status=201
2026-08-20T10:11:13 INFO api Request completed status=201
2026-08-20T10:11:14 ERROR api Failed to process job job_id=job-123
2026-08-20T10:11:22 ERROR api Upstream service returned status=503
2026-08-20T10:11:24 INFO api Request completed status=204
2026-08-20T10:11:25 ERROR api Timeout connecting to Redis
2026-08-20T10:11:30 INFO api Request completed status=200
2026-08-20T10:11:31 INFO api Request completed status=200
2026-08-20T10:11:31 INFO api Request completed status=204
2026-08-20T10:11:32 INFO api Request completed status=200
2026-08-20T10:11:34 ERROR api Upstream service returned status=503
2026-08-20T10:11:34 INFO api Request completed status=200
2026-08-20T10:11:34 INFO api Request completed status=204
2026-08-20T10:11:35 INFO api Request completed status=200
2026-08-20T10:11:35 INFO api Request completed status=200
2026-08-20T10:11:36 ERROR api Timeout connecting to Redis
2026-08-20T10:11:36 INFO api Request completed status=200
2026-08-20T10:11:37 INFO api Request completed status=200
2026-08-20T10:11:37 INFO api Request completed status=204
2026-08-20T10:11:38 INFO api Request completed status=204
2026-08-20T10:11:39 INFO api Request completed status=201
2026-08-20T10:11:39 INFO api Request completed status=204
2026-08-20T10:11:44 INFO api Request completed status=201
2026-08-20T10:11:44 INFO api Request completed status=201
2026-08-20T10:11:44 INFO api Request completed status=204
2026-08-20T10:11:45 ERROR api Timeout connecting to Redis
2026-08-20T10:11:45 ERROR api Upstream service returned status=503
2026-08-20T10:11:48 INFO api Request completed status=200
2026-08-20T10:11:50 ERROR api Failed to process job job_id=job-123
2026-08-20T10:11:53 INFO api Request completed status=200
2026-08-20T10:11:54 INFO api Request completed status=200
2026-08-20T10:11:55 INFO api Request completed status=200
2026-08-20T10:11:57 INFO api Request completed status=200
2026-08-20T10:11:58 INFO api Request completed status=200
2026-08-20T10:11:58 INFO api Request completed status=200
2026-08-20T10:11:59 ERROR api Database connection failed
2026-08-20T10:12:00 INFO api Request completed status=200
2026-08-20T10:12:03 ERROR api Database connection failed
2026-08-20T10:12:04 ERROR api Failed to process job job_id=job-123
2026-08-20T10:12:06 ERROR api Timeout connecting to Redis
2026-08-20T10:12:10 INFO api Request completed status=200
2026-08-20T10:12:11 ERROR api Timeout connecting to Redis
2026-08-20T10:12:11 INFO api Request completed status=204
2026-08-20T10:12:12 INFO api Request completed status=201
2026-08-20T10:12:15 INFO api Request completed status=204
2026-08-20T10:12:17 ERROR api Timeout connecting to Redis
2026-08-20T10:12:17 INFO api Request completed status=200
2026-08-20T10:12:19 INFO api Request completed status=200
2026-08-20T10:12:20 INFO api Request completed status=201
2026-08-20T10:12:20 INFO api Request completed status=204
2026-08-20T10:12:22 ERROR api Database connection failed
2026-08-20T10:12:22 INFO api Request completed status=200
2026-08-20T10:12:23 ERROR api Timeout connecting to Redis
2026-08-20T10:12:23 INFO api Request completed status=200
2026-08-20T10:12:28 ERROR api Failed to process job job_id=job-123
2026-08-20T10:12:29 INFO api Request completed status=201
2026-08-20T10:12:33 ERROR api Database connection failed
2026-08-20T10:12:34 INFO api Request completed status=200
2026-08-20T10:12:34 INFO api Request completed status=200
2026-08-20T10:12:37 INFO api Request completed status=201
2026-08-20T10:12:37 INFO api Request completed status=204
2026-08-20T10:12:38 INFO api Request completed status=200
2026-08-20T10:12:42 INFO api Request completed status=201
2026-08-20T10:12:43 INFO api Request completed status=200
2026-08-20T10:12:43 INFO api Request completed status=200
2026-08-20T10:12:44 INFO api Request completed status=200
2026-08-20T10:12:44 INFO api Request completed status=200
2026-08-20T10:12:46 ERROR api Failed to process job job_id=job-123
2026-08-20T10:12:46 ERROR api Failed to process job job_id=job-123
2026-08-20T10:12:48 INFO api Request completed status=201
2026-08-20T10:12:49 INFO api Request completed status=200
2026-08-20T10:12:49 INFO api Request completed status=200
2026-08-20T10:12:49 INFO api Request completed status=200
2026-08-20T10:12:54 INFO api Request completed status=200
2026-08-20T10:12:55 ERROR api Upstream service returned status=503
2026-08-20T10:12:55 INFO api Request completed status=200
2026-08-20T10:12:56 INFO api Request completed status=201
2026-08-20T10:12:57 ERROR api Failed to process job job_id=job-123
2026-08-20T10:12:58 INFO api Request completed status=201
2026-08-20T10:13:01 ERROR api Timeout connecting to Redis
2026-08-20T10:13:01 INFO api Request completed status=200
2026-08-20T10:13:07 ERROR api Failed to process job job_id=job-123
2026-08-20T10:13:07 INFO api Request completed status=204
2026-08-20T10:13:08 INFO api Request completed status=200
2026-08-20T10:13:09 ERROR api Database connection failed
2026-08-20T10:13:09 ERROR api Database connection failed
2026-08-20T10:13:10 INFO api Request completed status=201
2026-08-20T10:13:11 INFO api Request completed status=200
2026-08-20T10:13:12 ERROR api Timeout connecting to Redis
2026-08-20T10:13:13 ERROR api Failed to process job job_id=job-123
2026-08-20T10:13:14 INFO api Request completed status=200
2026-08-20T10:13:15 INFO api Request completed status=200
2026-08-20T10:13:16 INFO api Request completed status=200
2026-08-20T10:13:16 INFO api Request completed status=200
2026-08-20T10:13:17 ERROR api Timeout connecting to Redis
2026-08-20T10:13:21 INFO api Request completed status=201
2026-08-20T10:13:22 INFO api Request completed status=200
2026-08-20T10:13:23 INFO api Request completed status=201
2026-08-20T10:13:24 ERROR api Timeout connecting to Redis
2026-08-20T10:13:26 ERROR api Failed to process job job_id=job-123
2026-08-20T10:13:26 INFO api Request completed status=201
2026-08-20T10:13:27 ERROR api Timeout connecting to Redis
2026-08-20T10:13:27 INFO api Request completed status=200
2026-08-20T10:13:27 INFO api Request completed status=201
2026-08-20T10:13:28 ERROR api Upstream service returned status=503
2026-08-20T10:13:28 INFO api Request completed status=200
2026-08-20T10:13:29 INFO api Request completed status=201
2026-08-20T10:13:30 INFO api Request completed status=200
2026-08-20T10:13:33 ERROR api Upstream service returned status=503
2026-08-20T10:13:33 INFO api Request completed status=201
2026-08-20T10:13:34 ERROR api Failed to process job job_id=job-123
2026-08-20T10:13:34 ERROR api Failed to process job job_id=job-123
2026-08-20T10:13:34 INFO api Request completed status=201
2026-08-20T10:13:35 INFO api Request completed status=200
2026-08-20T10:13:36 INFO api Request completed status=200
2026-08-20T10:13:37 ERROR api Upstream service returned status=503
2026-08-20T10:13:37 INFO api Request completed status=200
2026-08-20T10:13:39 INFO api Request completed status=200
2026-08-20T10:13:41 INFO api Request completed status=200
2026-08-20T10:13:42 INFO api Request completed status=200
2026-08-20T10:13:43 ERROR api Timeout connecting to Redis
2026-08-20T10:13:43 INFO api Request completed status=201
2026-08-20T10:13:44 INFO api Request completed status=200
2026-08-20T10:13:45 INFO api Request completed status=200
2026-08-20T10:13:48 ERROR api Database connection failed
2026-08-20T10:13:48 INFO api Request completed status=200
2026-08-20T10:13:49 INFO api Request completed status=200
2026-08-20T10:13:49 INFO api Request completed status=201
2026-08-20T10:13:51 INFO api Request completed status=200
2026-08-20T10:13:51 INFO api Request completed status=200
2026-08-20T10:13:51 INFO api Request completed status=200
2026-08-20T10:13:53 ERROR api Timeout connecting to Redis
2026-08-20T10:13:53 ERROR api Upstream service returned status=503
2026-08-20T10:13:55 ERROR api Upstream service returned status=503
2026-08-20T10:13:55 INFO api Request completed status=200
2026-08-20T10:13:55 INFO api Request completed status=200
2026-08-20T10:13:58 INFO api Request completed status=200
2026-08-20T10:13:58 INFO api Request completed status=200
2026-08-20T10:13:59 ERROR api Upstream service returned status=503
2026-08-20T10:13:59 INFO api Request completed status=200
2026-08-20T10:14:00 INFO api Request completed status=200
2026-08-20T10:14:01 ERROR api Failed to process job job_id=job-123
2026-08-20T10:14:01 INFO api Request completed status=200
2026-08-20T10:14:01 INFO api Request completed status=200
2026-08-20T10:14:05 ERROR api Database connection failed
2026-08-20T10:14:06 INFO api Request completed status=200
2026-08-20T10:14:08 INFO api Request completed status=200
2026-08-20T10:14:10 ERROR api Upstream service returned status=503
2026-08-20T10:14:11 INFO api Request completed status=200
2026-08-20T10:14:19 ERROR api Failed to process job job_id=job-123
2026-08-20T10:14:19 INFO api Request completed status=204
2026-08-20T10:14:20 INFO api Request completed status=200
2026-08-20T10:14:21 INFO api Request completed status=201
2026-08-20T10:14:22 INFO api Request completed status=204
2026-08-20T10:14:27 INFO api Request completed status=200
2026-08-20T10:14:27 INFO api Request completed status=204
2026-08-20T10:14:27 INFO api Request completed status=204
2026-08-20T10:14:28 INFO api Request completed status=200
2026-08-20T10:14:30 INFO api Request completed status=200
2026-08-20T10:14:31 INFO api Request completed status=200
2026-08-20T10:14:32 ERROR api Failed to process job job_id=job-123
2026-08-20T10:14:33 ERROR api Timeout connecting to Redis
2026-08-20T10:14:34 INFO api Request completed status=204
2026-08-20T10:14:38 INFO api Request completed status=204
2026-08-20T10:14:38 INFO api Request completed status=204
2026-08-20T10:14:39 ERROR api Timeout connecting to Redis
2026-08-20T10:14:39 INFO api Request completed status=200
2026-08-20T10:14:41 INFO api Request completed status=204
2026-08-20T10:14:42 ERROR api Upstream service returned status=503
2026-08-20T10:14:42 INFO api Request completed status=201
2026-08-20T10:14:43 INFO api Request completed status=200
2026-08-20T10:14:43 INFO api Request completed status=200
2026-08-20T10:14:45 INFO api Request completed status=200
2026-08-20T10:14:46 ERROR api Database connection failed
2026-08-20T10:14:46 INFO api Request completed status=201
2026-08-20T10:14:48 INFO api Request completed status=201
2026-08-20T10:14:49 INFO api Request completed status=204
2026-08-20T10:14:51 INFO api Request completed status=200
2026-08-20T10:14:53 ERROR api Failed to process job job_id=job-123
2026-08-20T10:14:53 INFO api Request completed status=200
2026-08-20T10:14:57 ERROR api Database connection failed
2026-08-20T10:14:57 ERROR api Upstream service returned status=503
2026-08-20T10:14:58 INFO api Request completed status=200
2026-08-20T10:14:59 INFO api Request completed status=200
2026-08-20T10:15:00 ERROR api Database connection failed
2026-08-20T10:15:00 INFO api Request completed status=204
2026-08-20T10:15:01 INFO api Request completed status=200
2026-08-20T10:15:01 INFO api Request completed status=201
2026-08-20T10:15:05 INFO api Request completed status=200
2026-08-20T10:15:08 INFO api Request completed status=200
2026-08-20T10:15:09 INFO api Request completed status=200
2026-08-20T10:15:14 INFO api Request completed status=200
2026-08-20T10:15:15 INFO api Request completed status=200
2026-08-20T10:15:20 INFO api Request completed status=200
2026-08-20T10:15:23 ERROR api Upstream service returned status=503
2026-08-20T10:15:23 INFO api Request completed status=201
2026-08-20T10:15:23 INFO api Request completed status=204
2026-08-20T10:15:24 INFO api Request completed status=200
2026-08-20T10:15:25 INFO api Request completed status=201
2026-08-20T10:15:26 INFO api Request completed status=200
2026-08-20T10:15:31 INFO api Request completed status=200
2026-08-20T10:15:35 INFO api Request completed status=200
2026-08-20T10:15:36 INFO api Request completed status=200
2026-08-20T10:15:38 INFO api Request completed status=200
2026-08-20T10:15:42 INFO api Request completed status=200
2026-08-20T10:15:42 INFO api Request completed status=201
2026-08-20T10:15:43 INFO api Request completed status=200
2026-08-20T10:15:43 INFO api Request completed status=200
2026-08-20T10:15:48 INFO api Request completed status=200
2026-08-20T10:15:53 INFO api Request completed status=200
2026-08-20T10:15:53 INFO api Request completed status=200
2026-08-20T10:15:55 INFO api Request completed status=201
2026-08-20T10:15:56 INFO api Request completed status=200
2026-08-20T10:15:57 INFO api Request completed status=201
2026-08-20T10:15:57 INFO api Request completed status=204
2026-08-20T10:16:00 INFO api Request completed status=204
2026-08-20T10:16:01 INFO api Request completed status=200
2026-08-20T10:16:04 INFO api Request completed status=200
2026-08-20T10:16:04 INFO api Request completed status=204
2026-08-20T10:16:09 INFO api Request completed status=200
2026-08-20T10:16:11 INFO api Request completed status=200
2026-08-20T10:16:11 INFO api Request completed status=200
2026-08-20T10:16:12 ERROR api Failed to process job job_id=job-123
2026-08-20T10:16:13 INFO api Request completed status=201
2026-08-20T10:16:14 INFO api Request completed status=200
2026-08-20T10:16:15 INFO api Request completed status=204
2026-08-20T10:16:15 INFO api Request completed status=204
2026-08-20T10:16:16 INFO api Request completed status=200
2026-08-20T10:16:16 INFO api Request completed status=200
2026-08-20T10:16:19 ERROR api Upstream service returned status=503
2026-08-20T10:16:19 INFO api Request completed status=201
2026-08-20T10:16:22 INFO api Request completed status=200
2026-08-20T10:16:22 INFO api Request completed status=200
2026-08-20T10:16:23 ERROR api Database connection failed
2026-08-20T10:16:23 INFO api Request completed status=200
2026-08-20T10:16:25 INFO api Request completed status=200
2026-08-20T10:16:27 INFO api Request completed status=200
2026-08-20T10:16:28 ERROR api Failed to process job job_id=job-123
2026-08-20T10:16:28 INFO api Request completed status=204
2026-08-20T10:16:29 INFO api Request completed status=204
2026-08-20T10:16:30 INFO api Request completed status=201
2026-08-20T10:16:32 INFO api Request completed status=200
2026-08-20T10:16:34 INFO api Request completed status=200
2026-08-20T10:16:35 INFO api Request completed status=200
2026-08-20T10:16:37 INFO api Request completed status=200
2026-08-20T10:16:40 INFO api Request completed status=201
2026-08-20T10:16:43 INFO api Request completed status=201
2026-08-20T10:16:44 INFO api Request completed status=200
2026-08-20T10:16:44 INFO api Request completed status=201
2026-08-20T10:16:45 ERROR api Timeout connecting to Redis
2026-08-20T10:16:46 INFO api Request completed status=204
2026-08-20T10:16:47 INFO api Request completed status=201
2026-08-20T10:16:47 INFO api Request completed status=201
2026-08-20T10:16:47 INFO api Request completed status=204
2026-08-20T10:16:49 INFO api Request completed status=200
2026-08-20T10:16:50 INFO api Request completed status=200
2026-08-20T10:16:51 INFO api Request completed status=200
2026-08-20T10:16:53 INFO api Request completed status=200
2026-08-20T10:16:53 INFO api Request completed status=201
2026-08-20T10:16:53 INFO api Request completed status=204
2026-08-20T10:16:54 INFO api Request completed status=200
2026-08-20T10:16:55 ERROR api Failed to process job job_id=job-123
2026-08-20T10:16:56 INFO api Request completed status=200
2026-08-20T10:16:58 INFO api Request completed status=204
2026-08-20T10:17:00 INFO api Request completed status=200
2026-08-20T10:17:00 INFO api Request completed status=201
2026-08-20T10:17:00 INFO api Request completed status=201
2026-08-20T10:17:03 INFO api Request completed status=200
2026-08-20T10:17:03 INFO api Request completed status=204
2026-08-20T10:17:06 INFO api Request completed status=204
2026-08-20T10:17:07 INFO api Request completed status=200
2026-08-20T10:17:09 INFO api Request completed status=201
2026-08-20T10:17:09 INFO api Request completed status=201
2026-08-20T10:17:11 INFO api Request completed status=200
2026-08-20T10:17:11 INFO api Request completed status=200
2026-08-20T10:17:14 ERROR api Timeout connecting to Redis
2026-08-20T10:17:17 INFO api Request completed status=200
2026-08-20T10:17:17 INFO api Request completed status=200
2026-08-20T10:17:17 INFO api Request completed status=200
2026-08-20T10:17:18 INFO api Request completed status=200
2026-08-20T10:17:19 INFO api Request completed status=204
2026-08-20T10:17:19 INFO api Request completed status=204
2026-08-20T10:17:21 INFO api Request completed status=200
2026-08-20T10:17:21 INFO api Request completed status=200
2026-08-20T10:17:24 INFO api Request completed status=200
2026-08-20T10:17:25 INFO api Request completed status=201
2026-08-20T10:17:26 INFO api Request completed status=200
2026-08-20T10:17:28 INFO api Request completed status=201
2026-08-20T10:17:30 INFO api Request completed status=200
2026-08-20T10:17:30 INFO api Request completed status=201
2026-08-20T10:17:30 INFO api Request completed status=201
2026-08-20T10:17:32 INFO api Request completed status=200
2026-08-20T10:17:32 INFO api Request completed status=200
2026-08-20T10:17:33 ERROR api Timeout connecting to Redis
2026-08-20T10:17:33 INFO api Request completed status=200
2026-08-20T10:17:33 INFO api Request completed status=200
2026-08-20T10:17:35 ERROR api Failed to process job job_id=job-123
2026-08-20T10:17:35 INFO api Request completed status=200
2026-08-20T10:17:35 INFO api Request completed status=200
2026-08-20T10:17:37 ERROR api Upstream service returned status=503
2026-08-20T10:17:37 INFO api Request completed status=200
2026-08-20T10:17:39 INFO api Request completed status=200
2026-08-20T10:17:41 INFO api Request completed status=200
2026-08-20T10:17:41 INFO api Request completed status=204
2026-08-20T10:17:41 INFO api Request completed status=204
2026-08-20T10:17:42 ERROR api Timeout connecting to Redis
2026-08-20T10:17:42 INFO api Request completed status=200
2026-08-20T10:17:42 INFO api Request completed status=200
2026-08-20T10:17:43 INFO api Request completed status=200
2026-08-20T10:17:44 INFO api Request completed status=200
2026-08-20T10:17:44 INFO api Request completed status=200
2026-08-20T10:17:45 INFO api Request completed status=200
2026-08-20T10:17:45 INFO api Request completed status=200
2026-08-20T10:17:45 INFO api Request completed status=201
2026-08-20T10:17:45 INFO api Request completed status=201
2026-08-20T10:17:46 INFO api Request completed status=201
2026-08-20T10:17:50 INFO api Request completed status=204
2026-08-20T10:17:50 INFO api Request completed status=204
2026-08-20T10:17:54 INFO api Request completed status=200
2026-08-20T10:17:54 INFO api Request completed status=201
2026-08-20T10:17:54 INFO api Request completed status=204
2026-08-20T10:17:55 INFO api Request completed status=204
2026-08-20T10:17:56 INFO api Request completed status=200
2026-08-20T10:17:56 INFO api Request completed status=200
2026-08-20T10:17:56 INFO api Request completed status=200
2026-08-20T10:17:59 ERROR api Database connection failed
2026-08-20T10:17:59 INFO api Request completed status=204
2026-08-20T10:18:00 INFO api Request completed status=204
2026-08-20T10:18:00 INFO api Request completed status=204
2026-08-20T10:18:01 INFO api Request completed status=200
2026-08-20T10:18:01 INFO api Request completed status=200
2026-08-20T10:18:03 ERROR api Failed to process job job_id=job-123
2026-08-20T10:18:03 INFO api Request completed status=200
2026-08-20T10:18:03 INFO api Request completed status=201
2026-08-20T10:18:04 INFO api Request completed status=200
2026-08-20T10:18:06 INFO api Request completed status=200
2026-08-20T10:18:06 INFO api Request completed status=200
2026-08-20T10:18:06 INFO api Request completed status=201
2026-08-20T10:18:07 INFO api Request completed status=200
2026-08-20T10:18:08 INFO api Request completed status=200
2026-08-20T10:18:10 INFO api Request completed status=200
2026-08-20T10:18:11 INFO api Request completed status=201
2026-08-20T10:18:12 INFO api Request completed status=204
2026-08-20T10:18:13 INFO api Request completed status=200
2026-08-20T10:18:16 INFO api Request completed status=200
2026-08-20T10:18:16 INFO api Request completed status=204
2026-08-20T10:18:17 INFO api Request completed status=200
2026-08-20T10:18:18 INFO api Request completed status=200
2026-08-20T10:18:19 INFO api Request completed status=200
2026-08-20T10:18:19 INFO api Request completed status=200
2026-08-20T10:18:20 INFO api Request completed status=200
2026-08-20T10:18:23 INFO api Request completed status=200
2026-08-20T10:18:24 INFO api Request completed status=204
2026-08-20T10:18:25 INFO api Request completed status=201
2026-08-20T10:18:26 INFO api Request completed status=200
2026-08-20T10:18:28 INFO api Request completed status=204
2026-08-20T10:18:32 ERROR api Failed to process job job_id=job-123
2026-08-20T10:18:33 INFO api Request completed status=204
2026-08-20T10:18:34 INFO api Request completed status=200
2026-08-20T10:18:34 INFO api Request completed status=200
2026-08-20T10:18:34 INFO api Request completed status=201
2026-08-20T10:18:39 INFO api Request completed status=201
2026-08-20T10:18:39 INFO api Request completed status=204
2026-08-20T10:18:40 INFO api Request completed status=201
2026-08-20T10:18:40 INFO api Request completed status=204
2026-08-20T10:18:41 INFO api Request completed status=200
2026-08-20T10:18:41 INFO api Request completed status=204
2026-08-20T10:18:43 INFO api Request completed status=200
2026-08-20T10:18:43 INFO api Request completed status=200
2026-08-20T10:18:43 INFO api Request completed status=204
2026-08-20T10:18:44 INFO api Request completed status=204
2026-08-20T10:18:47 INFO api Request completed status=204
2026-08-20T10:18:49 INFO api Request completed status=204
2026-08-20T10:18:52 INFO api Request completed status=204
2026-08-20T10:18:54 INFO api Request completed status=200
2026-08-20T10:18:54 INFO api Request completed status=204
2026-08-20T10:18:55 ERROR api Upstream service returned status=503
2026-08-20T10:18:55 INFO api Request completed status=200
2026-08-20T10:18:56 INFO api Request completed status=200
2026-08-20T10:18:56 INFO api Request completed status=201
2026-08-20T10:18:58 INFO api Request completed status=200
2026-08-20T10:18:59 INFO api Request completed status=200
2026-08-20T10:19:00 INFO api Request completed status=201
2026-08-20T10:19:01 INFO api Request completed status=200
2026-08-20T10:19:02 INFO api Request completed status=200
2026-08-20T10:19:02 INFO api Request completed status=200
2026-08-20T10:19:04 INFO api Request completed status=200
2026-08-20T10:19:04 INFO api Request completed status=200
2026-08-20T10:19:04 INFO api Request completed status=201
2026-08-20T10:19:04 INFO api Request completed status=204
2026-08-20T10:19:04 INFO api Request completed status=204
2026-08-20T10:19:05 INFO api Request completed status=201
2026-08-20T10:19:06 INFO api Request completed status=201
2026-08-20T10:19:06 INFO api Request completed status=201
2026-08-20T10:19:07 INFO api Request completed status=204
2026-08-20T10:19:08 INFO api Request completed status=201
2026-08-20T10:19:08 INFO api Request completed status=201
2026-08-20T10:19:09 INFO api Request completed status=204
2026-08-20T10:19:14 INFO api Request completed status=200
2026-08-20T10:19:14 INFO api Request completed status=200
2026-08-20T10:19:15 INFO api Request completed status=200
2026-08-20T10:19:19 INFO api Request completed status=200
2026-08-20T10:19:19 INFO api Request completed status=200
2026-08-20T10:19:20 INFO api Request completed status=200
2026-08-20T10:19:21 INFO api Request completed status=200
2026-08-20T10:19:28 INFO api Request completed status=204
2026-08-20T10:19:30 INFO api Request completed status=204
2026-08-20T10:19:30 INFO api Request completed status=204
2026-08-20T10:19:31 INFO api Request completed status=200
2026-08-20T10:19:31 INFO api Request completed status=201
2026-08-20T10:19:32 INFO api Request completed status=201
2026-08-20T10:19:33 ERROR api Upstream service returned status=503
2026-08-20T10:19:34 INFO api Request completed status=201
2026-08-20T10:19:35 INFO api Request completed status=200
2026-08-20T10:19:36 INFO api Request completed status=200
2026-08-20T10:19:38 INFO api Request completed status=200
2026-08-20T10:19:39 INFO api Request completed status=200
2026-08-20T10:19:40 INFO api Request completed status=200
2026-08-20T10:19:40 INFO api Request completed status=201
2026-08-20T10:19:42 ERROR api Database connection failed
2026-08-20T10:19:42 INFO api Request completed status=200
2026-08-20T10:19:43 INFO api Request completed status=200
2026-08-20T10:19:43 INFO api Request completed status=200
2026-08-20T10:19:46 INFO api Request completed status=200
2026-08-20T10:19:46 INFO api Request completed status=200
2026-08-20T10:19:46 INFO api Request completed status=204
2026-08-20T10:19:49 INFO api Request completed status=200
2026-08-20T10:19:51 INFO api Request completed status=200
2026-08-20T10:19:51 INFO api Request completed status=200
2026-08-20T10:19:51 INFO api Request completed status=200
2026-08-20T10:19:52 INFO api Request completed status=204
2026-08-20T10:19:54 INFO api Request completed status=200
2026-08-20T10:19:56 INFO api Request completed status=200
2026-08-20T10:19:58 INFO api Request completed status=200
2026-08-20T10:20:01 ERROR api Failed to process job job_id=job-123
2026-08-20T10:20:01 INFO api Request completed status=200
2026-08-20T10:20:01 INFO api Request completed status=204
2026-08-20T10:20:03 ERROR api Failed to process job job_id=job-123
2026-08-20T10:20:04 ERROR api Database connection failed
2026-08-20T10:20:04 ERROR api Failed to process job job_id=job-123
2026-08-20T10:20:06 ERROR api Timeout connecting to Redis
2026-08-20T10:20:07 ERROR api Failed to process job job_id=job-123
2026-08-20T10:20:07 ERROR api Timeout connecting to Redis
2026-08-20T10:20:07 INFO api Request completed status=200
2026-08-20T10:20:07 INFO api Request completed status=200
2026-08-20T10:20:07 INFO api Request completed status=200
2026-08-20T10:20:08 ERROR api Timeout connecting to Redis
2026-08-20T10:20:09 ERROR api Database connection failed
2026-08-20T10:20:10 INFO api Request completed status=204
2026-08-20T10:20:10 INFO api Request completed status=204
2026-08-20T10:20:12 INFO api Request completed status=200
2026-08-20T10:20:13 INFO api Request completed status=200
2026-08-20T10:20:18 ERROR api Failed to process job job_id=job-123
2026-08-20T10:20:19 INFO api Request completed status=201
2026-08-20T10:20:20 ERROR api Timeout connecting to Redis
2026-08-20T10:20:21 ERROR api Timeout connecting to Redis
2026-08-20T10:20:22 ERROR api Upstream service returned status=503
2026-08-20T10:20:28 ERROR api Timeout connecting to Redis
2026-08-20T10:20:29 INFO api Request completed status=200
2026-08-20T10:20:30 ERROR api Timeout connecting to Redis
2026-08-20T10:20:30 ERROR api Upstream service returned status=503
2026-08-20T10:20:31 ERROR api Database connection failed
2026-08-20T10:20:31 INFO api Request completed status=200
2026-08-20T10:20:32 INFO api Request completed status=200
2026-08-20T10:20:33 INFO api Request completed status=204
2026-08-20T10:20:34 INFO api Request completed status=201
2026-08-20T10:20:35 ERROR api Upstream service returned status=503
2026-08-20T10:20:35 INFO api Request completed status=204
2026-08-20T10:20:36 INFO api Request completed status=204
2026-08-20T10:20:37 INFO api Request completed status=204
2026-08-20T10:20:38 INFO api Request completed status=200
2026-08-20T10:20:39 INFO api Request completed status=200
2026-08-20T10:20:40 INFO api Request completed status=200
2026-08-20T10:20:41 INFO api Request completed status=200
2026-08-20T10:20:43 ERROR api Timeout connecting to Redis
2026-08-20T10:20:50 ERROR api Upstream service returned status=503
2026-08-20T10:20:51 ERROR api Failed to process job job_id=job-123
2026-08-20T10:20:52 ERROR api Upstream service returned status=503
2026-08-20T10:20:53 ERROR api Database connection failed
2026-08-20T10:20:53 ERROR api Database connection failed
2026-08-20T10:20:53 ERROR api Timeout connecting to Redis
2026-08-20T10:20:53 INFO api Request completed status=204
2026-08-20T10:20:54 INFO api Request completed status=200
2026-08-20T10:20:55 ERROR api Failed to process job job_id=job-123
2026-08-20T10:20:55 ERROR api Failed to process job job_id=job-123
2026-08-20T10:20:56 INFO api Request completed status=201
2026-08-20T10:20:57 INFO api Request completed status=204
2026-08-20T10:20:57 INFO api Request completed status=204
2026-08-20T10:20:58 INFO api Request completed status=201
2026-08-20T10:20:59 INFO api Request completed status=204
2026-08-20T10:21:00 INFO api Request completed status=204
2026-08-20T10:21:01 INFO api Request completed status=200
2026-08-20T10:21:03 INFO api Request completed status=204
2026-08-20T10:21:05 ERROR api Database connection failed
2026-08-20T10:21:05 ERROR api Upstream service returned status=503
2026-08-20T10:21:07 ERROR api Upstream service returned status=503
2026-08-20T10:21:11 INFO api Request completed status=200
2026-08-20T10:21:11 INFO api Request completed status=200
2026-08-20T10:21:12 INFO api Request completed status=200
2026-08-20T10:21:14 ERROR api Failed to process job job_id=job-123
2026-08-20T10:21:14 INFO api Request completed status=201
2026-08-20T10:21:14 INFO api Request completed status=204
2026-08-20T10:21:17 ERROR api Timeout connecting to Redis
2026-08-20T10:21:20 ERROR api Timeout connecting to Redis
2026-08-20T10:21:22 ERROR api Timeout connecting to Redis
2026-08-20T10:21:25 ERROR api Database connection failed
2026-08-20T10:21:27 ERROR api Failed to process job job_id=job-123
2026-08-20T10:21:28 ERROR api Upstream service returned status=503
2026-08-20T10:21:28 INFO api Request completed status=200
2026-08-20T10:21:30 INFO api Request completed status=201
2026-08-20T10:21:32 INFO api Request completed status=201
2026-08-20T10:21:33 ERROR api Failed to process job job_id=job-123
2026-08-20T10:21:34 INFO api Request completed status=201
2026-08-20T10:21:34 INFO api Request completed status=204
2026-08-20T10:21:35 INFO api Request completed status=200
2026-08-20T10:21:35 INFO api Request completed status=200
2026-08-20T10:21:35 INFO api Request completed status=204
2026-08-20T10:21:37 ERROR api Timeout connecting to Redis
2026-08-20T10:21:38 INFO api Request completed status=200
2026-08-20T10:21:39 ERROR api Failed to process job job_id=job-123
2026-08-20T10:21:39 ERROR api Timeout connecting to Redis
2026-08-20T10:21:39 ERROR api Upstream service returned status=503
2026-08-20T10:21:39 INFO api Request completed status=200
2026-08-20T10:21:40 ERROR api Failed to process job job_id=job-123
2026-08-20T10:21:40 ERROR api Upstream service returned status=503
2026-08-20T10:21:46 ERROR api Timeout connecting to Redis
2026-08-20T10:21:46 ERROR api Upstream service returned status=503
2026-08-20T10:21:47 ERROR api Upstream service returned status=503
2026-08-20T10:21:47 INFO api Request completed status=200
2026-08-20T10:21:47 INFO api Request completed status=201
2026-08-20T10:21:51 ERROR api Upstream service returned status=503
2026-08-20T10:21:51 INFO api Request completed status=200
2026-08-20T10:21:52 ERROR api Database connection failed
2026-08-20T10:21:54 INFO api Request completed status=200
2026-08-20T10:21:54 INFO api Request completed status=204
2026-08-20T10:21:55 INFO api Request completed status=200
2026-08-20T10:21:55 INFO api Request completed status=200
2026-08-20T10:21:57 INFO api Request completed status=200
2026-08-20T10:21:58 ERROR api Timeout connecting to Redis
2026-08-20T10:21:59 ERROR api Upstream service returned status=503
2026-08-20T10:22:01 INFO api Request completed status=200
2026-08-20T10:22:02 ERROR api Failed to process job job_id=job-123
2026-08-20T10:22:02 ERROR api Upstream service returned status=503
2026-08-20T10:22:02 INFO api Request completed status=204
2026-08-20T10:22:03 ERROR api Upstream service returned status=503
2026-08-20T10:22:06 ERROR api Timeout connecting to Redis
2026-08-20T10:22:09 INFO api Request completed status=201
2026-08-20T10:22:11 ERROR api Failed to process job job_id=job-123
2026-08-20T10:22:12 ERROR api Database connection failed
2026-08-20T10:22:12 ERROR api Timeout connecting to Redis
2026-08-20T10:22:12 INFO api Request completed status=204
2026-08-20T10:22:13 ERROR api Database connection failed
2026-08-20T10:22:13 INFO api Request completed status=204
2026-08-20T10:22:15 ERROR api Failed to process job job_id=job-123
2026-08-20T10:22:15 ERROR api Timeout connecting to Redis
2026-08-20T10:22:15 INFO api Request completed status=201
2026-08-20T10:22:16 INFO api Request completed status=200
2026-08-20T10:22:16 INFO api Request completed status=201
2026-08-20T10:22:21 ERROR api Timeout connecting to Redis
2026-08-20T10:22:21 INFO api Request completed status=200
2026-08-20T10:22:23 INFO api Request completed status=200
2026-08-20T10:22:24 INFO api Request completed status=201
2026-08-20T10:22:25 ERROR api Timeout connecting to Redis
2026-08-20T10:22:25 INFO api Request completed status=200
2026-08-20T10:22:26 INFO api Request completed status=201
2026-08-20T10:22:28 ERROR api Database connection failed
2026-08-20T10:22:28 INFO api Request completed status=201
2026-08-20T10:22:35 ERROR api Database connection failed
2026-08-20T10:22:35 ERROR api Upstream service returned status=503
2026-08-20T10:22:36 ERROR api Failed to process job job_id=job-123
2026-08-20T10:22:39 INFO api Request completed status=200
2026-08-20T10:22:40 ERROR api Database connection failed
2026-08-20T10:22:40 ERROR api Failed to process job job_id=job-123
2026-08-20T10:22:41 ERROR api Database connection failed
2026-08-20T10:22:41 ERROR api Timeout connecting to Redis
2026-08-20T10:22:43 ERROR api Timeout connecting to Redis
2026-08-20T10:22:43 INFO api Request completed status=200
2026-08-20T10:22:44 ERROR api Database connection failed
2026-08-20T10:22:45 INFO api Request completed status=200
2026-08-20T10:22:46 INFO api Request completed status=200
2026-08-20T10:22:47 ERROR api Failed to process job job_id=job-123
2026-08-20T10:22:47 ERROR api Upstream service returned status=503
2026-08-20T10:22:47 INFO api Request completed status=204
2026-08-20T10:22:49 ERROR api Database connection failed
2026-08-20T10:22:51 INFO api Request completed status=200
2026-08-20T10:22:52 INFO api Request completed status=200
2026-08-20T10:22:54 ERROR api Timeout connecting to Redis
2026-08-20T10:22:56 ERROR api Database connection failed
2026-08-20T10:22:56 INFO api Request completed status=201
2026-08-20T10:22:57 INFO api Request completed status=204
2026-08-20T10:22:59 ERROR api Upstream service returned status=503
2026-08-20T10:22:59 INFO api Request completed status=204
2026-08-20T10:23:00 ERROR api Timeout connecting to Redis
2026-08-20T10:23:00 INFO api Request completed status=200
2026-08-20T10:23:02 ERROR api Upstream service returned status=503
2026-08-20T10:23:03 ERROR api Timeout connecting to Redis
2026-08-20T10:23:05 ERROR api Timeout connecting to Redis
2026-08-20T10:23:05 INFO api Request completed status=200
2026-08-20T10:23:07 INFO api Request completed status=200
2026-08-20T10:23:09 INFO api Request completed status=201
2026-08-20T10:23:13 INFO api Request completed status=200
2026-08-20T10:23:14 INFO api Request completed status=204
2026-08-20T10:23:18 ERROR api Failed to process job job_id=job-123
2026-08-20T10:23:19 ERROR api Upstream service returned status=503
2026-08-20T10:23:21 ERROR api Database connection failed
2026-08-20T10:23:25 ERROR api Failed to process job job_id=job-123
2026-08-20T10:23:27 INFO api Request completed status=200
2026-08-20T10:23:28 ERROR api Failed to process job job_id=job-123
2026-08-20T10:23:29 INFO api Request completed status=201
2026-08-20T10:23:29 INFO api Request completed status=204
2026-08-20T10:23:30 ERROR api Failed to process job job_id=job-123
2026-08-20T10:23:34 ERROR api Timeout connecting to Redis
2026-08-20T10:23:34 ERROR api Upstream service returned status=503
2026-08-20T10:23:34 INFO api Request completed status=201
2026-08-20T10:23:36 ERROR api Database connection failed
2026-08-20T10:23:36 ERROR api Failed to process job job_id=job-123
2026-08-20T10:23:36 ERROR api Timeout connecting to Redis
2026-08-20T10:23:36 INFO api Request completed status=200
2026-08-20T10:23:37 INFO api Request completed status=201
2026-08-20T10:23:38 ERROR api Database connection failed
2026-08-20T10:23:39 ERROR api Timeout connecting to Redis
2026-08-20T10:23:44 ERROR api Database connection failed
2026-08-20T10:23:44 ERROR api Timeout connecting to Redis
2026-08-20T10:23:46 INFO api Request completed status=200
2026-08-20T10:23:47 INFO api Request completed status=204
2026-08-20T10:23:49 ERROR api Failed to process job job_id=job-123
2026-08-20T10:23:51 INFO api Request completed status=201
2026-08-20T10:23:52 INFO api Request completed status=200
2026-08-20T10:23:52 INFO api Request completed status=204
2026-08-20T10:23:54 INFO api Request completed status=204
2026-08-20T10:23:56 INFO api Request completed status=200
2026-08-20T10:23:58 ERROR api Database connection failed
2026-08-20T10:23:58 INFO api Request completed status=200
2026-08-20T10:23:58 INFO api Request completed status=204
2026-08-20T10:23:59 INFO api Request completed status=200
2026-08-20T10:24:00 ERROR api Failed to process job job_id=job-123
2026-08-20T10:24:04 ERROR api Database connection failed
2026-08-20T10:24:04 ERROR api Database connection failed
2026-08-20T10:24:06 INFO api Request completed status=200
2026-08-20T10:24:08 ERROR api Timeout connecting to Redis
2026-08-20T10:24:09 INFO api Request completed status=201
2026-08-20T10:24:12 ERROR api Database connection failed
2026-08-20T10:24:13 ERROR api Database connection failed
2026-08-20T10:24:13 ERROR api Timeout connecting to Redis
2026-08-20T10:24:14 INFO api Request completed status=200
2026-08-20T10:24:15 ERROR api Failed to process job job_id=job-123
2026-08-20T10:24:15 ERROR api Timeout connecting to Redis
2026-08-20T10:24:16 ERROR api Upstream service returned status=503
2026-08-20T10:24:16 INFO api Request completed status=200
2026-08-20T10:24:16 INFO api Request completed status=200
2026-08-20T10:24:16 INFO api Request completed status=201
2026-08-20T10:24:17 ERROR api Database connection failed
2026-08-20T10:24:22 INFO api Request completed status=200
2026-08-20T10:24:24 ERROR api Upstream service returned status=503
2026-08-20T10:24:25 ERROR api Upstream service returned status=503
2026-08-20T10:24:26 ERROR api Database connection failed
2026-08-20T10:24:26 INFO api Request completed status=200
2026-08-20T10:24:27 ERROR api Failed to process job job_id=job-123
2026-08-20T10:24:27 INFO api Request completed status=200
2026-08-20T10:24:28 INFO api Request completed status=200
2026-08-20T10:24:29 INFO api Request completed status=200
2026-08-20T10:24:31 ERROR api Timeout connecting to Redis
2026-08-20T10:24:33 ERROR api Timeout connecting to Redis
2026-08-20T10:24:34 INFO api Request completed status=204
2026-08-20T10:24:35 ERROR api Timeout connecting to Redis
2026-08-20T10:24:36 ERROR api Upstream service returned status=503
2026-08-20T10:24:36 INFO api Request completed status=204
2026-08-20T10:24:37 ERROR api Database connection failed
2026-08-20T10:24:44 ERROR api Failed to process job job_id=job-123
2026-08-20T10:24:45 ERROR api Failed to process job job_id=job-123
2026-08-20T10:24:45 INFO api Request completed status=201
2026-08-20T10:24:46 ERROR api Database connection failed
2026-08-20T10:24:47 ERROR api Failed to process job job_id=job-123
2026-08-20T10:24:50 INFO api Request completed status=200
2026-08-20T10:24:51 ERROR api Failed to process job job_id=job-123
2026-08-20T10:24:51 INFO api Request completed status=200
2026-08-20T10:24:54 INFO api Request completed status=204
2026-08-20T10:24:55 ERROR api Failed to process job job_id=job-123
2026-08-20T10:24:55 INFO api Request completed status=200
2026-08-20T10:24:55 INFO api Request completed status=204
2026-08-20T10:24:56 INFO api Request completed status=200
2026-08-20T10:24:57 ERROR api Timeout connecting to Redis
2026-08-20T10:24:58 INFO api Request completed status=200
2026-08-20T10:24:59 ERROR api Database connection failed
2026-08-20T10:25:00 INFO api Request completed status=200
2026-08-20T10:25:00 INFO api Request completed status=200
2026-08-20T10:25:01 INFO api Request completed status=200
2026-08-20T10:25:01 INFO api Request completed status=200
2026-08-20T10:25:02 INFO api Request completed status=200
2026-08-20T10:25:03 INFO api Request completed status=200
2026-08-20T10:25:05 INFO api Request completed status=200
2026-08-20T10:25:06 INFO api Request completed status=200
2026-08-20T10:25:07 INFO api Request completed status=200
2026-08-20T10:25:09 ERROR api Upstream service returned status=503
2026-08-20T10:25:10 INFO api Request completed status=201
2026-08-20T10:25:11 INFO api Request completed status=200
2026-08-20T10:25:11 INFO api Request completed status=201
2026-08-20T10:25:18 ERROR api Failed to process job job_id=job-123
2026-08-20T10:25:18 INFO api Request completed status=201
2026-08-20T10:25:19 INFO api Request completed status=201
2026-08-20T10:25:19 INFO api Request completed status=204
2026-08-20T10:25:21 INFO api Request completed status=204
2026-08-20T10:25:22 ERROR api Timeout connecting to Redis
2026-08-20T10:25:24 INFO api Request completed status=201
2026-08-20T10:25:25 ERROR api Failed to process job job_id=job-123
2026-08-20T10:25:25 INFO api Request completed status=204
2026-08-20T10:25:25 INFO api Request completed status=204
2026-08-20T10:25:26 INFO api Request completed status=201
2026-08-20T10:25:31 INFO api Request completed status=200
2026-08-20T10:25:31 INFO api Request completed status=200
2026-08-20T10:25:33 INFO api Request completed status=200
2026-08-20T10:25:33 INFO api Request completed status=200
2026-08-20T10:25:35 ERROR api Database connection failed
2026-08-20T10:25:37 INFO api Request completed status=200
2026-08-20T10:25:37 INFO api Request completed status=204
2026-08-20T10:25:42 INFO api Request completed status=201
2026-08-20T10:25:45 INFO api Request completed status=200
2026-08-20T10:25:46 INFO api Request completed status=204
2026-08-20T10:25:47 INFO api Request completed status=200
2026-08-20T10:25:51 INFO api Request completed status=200
2026-08-20T10:25:52 INFO api Request completed status=200
2026-08-20T10:25:53 INFO api Request completed status=200
2026-08-20T10:25:53 INFO api Request completed status=200
2026-08-20T10:25:56 INFO api Request completed status=201
2026-08-20T10:25:57 INFO api Request completed status=200
2026-08-20T10:25:57 INFO api Request completed status=204
2026-08-20T10:25:58 ERROR api Timeout connecting to Redis
2026-08-20T10:26:00 INFO api Request completed status=204
2026-08-20T10:26:01 INFO api Request completed status=204
2026-08-20T10:26:02 INFO api Request completed status=201
2026-08-20T10:26:05 INFO api Request completed status=204
2026-08-20T10:26:06 INFO api Request completed status=204
2026-08-20T10:26:07 INFO api Request completed status=201
2026-08-20T10:26:08 INFO api Request completed status=200
2026-08-20T10:26:09 INFO api Request completed status=200
2026-08-20T10:26:09 INFO api Request completed status=201
2026-08-20T10:26:10 INFO api Request completed status=201
2026-08-20T10:26:11 INFO api Request completed status=201
2026-08-20T10:26:12 INFO api Request completed status=200
2026-08-20T10:26:12 INFO api Request completed status=200
2026-08-20T10:26:12 INFO api Request completed status=200
2026-08-20T10:26:13 INFO api Request completed status=200
2026-08-20T10:26:15 INFO api Request completed status=204
2026-08-20T10:26:16 INFO api Request completed status=200
2026-08-20T10:26:17 INFO api Request completed status=200
2026-08-20T10:26:20 ERROR api Upstream service returned status=503
2026-08-20T10:26:20 INFO api Request completed status=204
2026-08-20T10:26:21 INFO api Request completed status=200
2026-08-20T10:26:23 ERROR api Upstream service returned status=503
2026-08-20T10:26:26 INFO api Request completed status=200
2026-08-20T10:26:26 INFO api Request completed status=200
2026-08-20T10:26:26 INFO api Request completed status=201
2026-08-20T10:26:27 ERROR api Failed to process job job_id=job-123
2026-08-20T10:26:27 INFO api Request completed status=204
2026-08-20T10:26:29 INFO api Request completed status=200
2026-08-20T10:26:30 INFO api Request completed status=201
2026-08-20T10:26:32 INFO api Request completed status=200
2026-08-20T10:26:35 INFO api Request completed status=200
2026-08-20T10:26:45 ERROR api Upstream service returned status=503
2026-08-20T10:26:46 INFO api Request completed status=200
2026-08-20T10:26:46 INFO api Request completed status=201
2026-08-20T10:26:47 INFO api Request completed status=200
2026-08-20T10:26:48 INFO api Request completed status=201
2026-08-20T10:26:50 ERROR api Timeout connecting to Redis
2026-08-20T10:26:50 INFO api Request completed status=200
2026-08-20T10:26:51 INFO api Request completed status=201
2026-08-20T10:26:51 INFO api Request completed status=204
2026-08-20T10:26:52 ERROR api Failed to process job job_id=job-123
2026-08-20T10:26:54 INFO api Request completed status=201
2026-08-20T10:26:55 INFO api Request completed status=201
2026-08-20T10:26:56 INFO api Request completed status=200
2026-08-20T10:26:56 INFO api Request completed status=201
2026-08-20T10:26:57 INFO api Request completed status=201
2026-08-20T10:26:57 INFO api Request completed status=204
2026-08-20T10:26:59 INFO api Request completed status=204
2026-08-20T10:27:02 INFO api Request completed status=201
2026-08-20T10:27:02 INFO api Request completed status=204
2026-08-20T10:27:03 INFO api Request completed status=200
2026-08-20T10:27:03 INFO api Request completed status=201
2026-08-20T10:27:03 INFO api Request completed status=201
2026-08-20T10:27:05 ERROR api Database connection failed
2026-08-20T10:27:07 INFO api Request completed status=200
2026-08-20T10:27:07 INFO api Request completed status=204
2026-08-20T10:27:08 INFO api Request completed status=200
2026-08-20T10:27:08 INFO api Request completed status=201
2026-08-20T10:27:08 INFO api Request completed status=201
2026-08-20T10:27:10 INFO api Request completed status=200
2026-08-20T10:27:13 INFO api Request completed status=204
2026-08-20T10:27:15 ERROR api Failed to process job job_id=job-123
2026-08-20T10:27:17 INFO api Request completed status=200
2026-08-20T10:27:19 INFO api Request completed status=201
2026-08-20T10:27:22 INFO api Request completed status=200
2026-08-20T10:27:23 ERROR api Upstream service returned status=503
2026-08-20T10:27:24 INFO api Request completed status=204
2026-08-20T10:27:24 INFO api Request completed status=204
2026-08-20T10:27:27 INFO api Request completed status=200
2026-08-20T10:27:28 INFO api Request completed status=204
2026-08-20T10:27:29 INFO api Request completed status=200
2026-08-20T10:27:29 INFO api Request completed status=200
2026-08-20T10:27:31 INFO api Request completed status=200
2026-08-20T10:27:31 INFO api Request completed status=200
2026-08-20T10:27:31 INFO api Request completed status=204
2026-08-20T10:27:32 ERROR api Timeout connecting to Redis
2026-08-20T10:27:32 INFO api Request completed status=201
2026-08-20T10:27:33 ERROR api Failed to process job job_id=job-123
2026-08-20T10:27:33 INFO api Request completed status=201
2026-08-20T10:27:35 INFO api Request completed status=200
2026-08-20T10:27:36 INFO api Request completed status=200
2026-08-20T10:27:37 INFO api Request completed status=200
2026-08-20T10:27:37 INFO api Request completed status=200
2026-08-20T10:27:37 INFO api Request completed status=201
2026-08-20T10:27:39 INFO api Request completed status=201
2026-08-20T10:27:40 ERROR api Database connection failed
2026-08-20T10:27:41 INFO api Request completed status=200
2026-08-20T10:27:41 INFO api Request completed status=204
2026-08-20T10:27:43 INFO api Request completed status=201
2026-08-20T10:27:44 INFO api Request completed status=201
2026-08-20T10:27:45 INFO api Request completed status=200
2026-08-20T10:27:46 INFO api Request completed status=200
2026-08-20T10:27:46 INFO api Request completed status=204
2026-08-20T10:27:47 INFO api Request completed status=200
2026-08-20T10:27:48 INFO api Request completed status=200
2026-08-20T10:27:50 INFO api Request completed status=200
2026-08-20T10:27:50 INFO api Request completed status=201
2026-08-20T10:27:54 ERROR api Database connection failed
2026-08-20T10:27:55 INFO api Request completed status=204
2026-08-20T10:27:56 INFO api Request completed status=200
2026-08-20T10:27:56 INFO api Request completed status=200
2026-08-20T10:27:57 ERROR api Timeout connecting to Redis
2026-08-20T10:27:57 INFO api Request completed status=200
2026-08-20T10:27:57 INFO api Request completed status=200
2026-08-20T10:27:58 INFO api Request completed status=200
2026-08-20T10:27:59 INFO api Request completed status=200
2026-08-20T10:27:59 INFO api Request completed status=200
2026-08-20T10:28:00 INFO api Request completed status=200
2026-08-20T10:28:02 INFO api Request completed status=200
2026-08-20T10:28:03 INFO api Request completed status=200
2026-08-20T10:28:03 INFO api Request completed status=200
2026-08-20T10:28:05 INFO api Request completed status=200
2026-08-20T10:28:09 INFO api Request completed status=200
2026-08-20T10:28:09 INFO api Request completed status=204
2026-08-20T10:28:10 INFO api Request completed status=200
2026-08-20T10:28:11 INFO api Request completed status=204
2026-08-20T10:28:12 INFO api Request completed status=204
2026-08-20T10:28:13 INFO api Request completed status=200
2026-08-20T10:28:14 ERROR api Timeout connecting to Redis
2026-08-20T10:28:14 INFO api Request completed status=200
2026-08-20T10:28:14 INFO api Request completed status=204
2026-08-20T10:28:17 INFO api Request completed status=200
2026-08-20T10:28:17 INFO api Request completed status=204
2026-08-20T10:28:20 INFO api Request completed status=200
2026-08-20T10:28:20 INFO api Request completed status=201
2026-08-20T10:28:21 ERROR api Upstream service returned status=503
2026-08-20T10:28:21 ERROR api Upstream service returned status=503
2026-08-20T10:28:21 INFO api Request completed status=200
2026-08-20T10:28:21 INFO api Request completed status=200
2026-08-20T10:28:23 INFO api Request completed status=200
2026-08-20T10:28:23 INFO api Request completed status=204
2026-08-20T10:28:24 INFO api Request completed status=200
2026-08-20T10:28:24 INFO api Request completed status=204
2026-08-20T10:28:25 INFO api Request completed status=204
2026-08-20T10:28:27 INFO api Request completed status=200
2026-08-20T10:28:28 INFO api Request completed status=204
2026-08-20T10:28:29 INFO api Request completed status=204
2026-08-20T10:28:35 INFO api Request completed status=201
2026-08-20T10:28:37 INFO api Request completed status=204
2026-08-20T10:28:39 INFO api Request completed status=200
2026-08-20T10:28:42 INFO api Request completed status=200
2026-08-20T10:28:42 INFO api Request completed status=204
2026-08-20T10:28:43 INFO api Request completed status=200
2026-08-20T10:28:44 INFO api Request completed status=200
2026-08-20T10:28:45 INFO api Request completed status=201
2026-08-20T10:28:47 INFO api Request completed status=200
2026-08-20T10:28:47 INFO api Request completed status=201
2026-08-20T10:28:48 INFO api Request completed status=200
2026-08-20T10:28:49 INFO api Request completed status=200
2026-08-20T10:28:49 INFO api Request completed status=200
2026-08-20T10:28:49 INFO api Request completed status=200
2026-08-20T10:28:50 ERROR api Timeout connecting to Redis
2026-08-20T10:28:50 INFO api Request completed status=200
2026-08-20T10:28:50 INFO api Request completed status=204
2026-08-20T10:28:52 INFO api Request completed status=200
2026-08-20T10:28:53 INFO api Request completed status=201
2026-08-20T10:28:55 INFO api Request completed status=200
2026-08-20T10:28:56 ERROR api Failed to process job job_id=job-123
2026-08-20T10:28:56 ERROR api Timeout connecting to Redis
2026-08-20T10:28:59 ERROR api Timeout connecting to Redis
2026-08-20T10:29:00 INFO api Request completed status=200
2026-08-20T10:29:00 INFO api Request completed status=201
2026-08-20T10:29:02 ERROR api Database connection failed
2026-08-20T10:29:02 INFO api Request completed status=204
2026-08-20T10:29:03 INFO api Request completed status=200
2026-08-20T10:29:04 INFO api Request completed status=200
2026-08-20T10:29:04 INFO api Request completed status=200
2026-08-20T10:29:07 INFO api Request completed status=204
2026-08-20T10:29:12 INFO api Request completed status=200
2026-08-20T10:29:12 INFO api Request completed status=201
2026-08-20T10:29:14 INFO api Request completed status=204
2026-08-20T10:29:17 INFO api Request completed status=200
2026-08-20T10:29:18 INFO api Request completed status=200
2026-08-20T10:29:20 INFO api Request completed status=201
2026-08-20T10:29:20 INFO api Request completed status=204
2026-08-20T10:29:21 INFO api Request completed status=200
2026-08-20T10:29:23 INFO api Request completed status=200
2026-08-20T10:29:25 INFO api Request completed status=200
2026-08-20T10:29:26 INFO api Request completed status=201
2026-08-20T10:29:27 INFO api Request completed status=200
2026-08-20T10:29:29 ERROR api Failed to process job job_id=job-123
2026-08-20T10:29:29 INFO api Request completed status=204
2026-08-20T10:29:30 INFO api Request completed status=200
2026-08-20T10:29:33 INFO api Request completed status=204
2026-08-20T10:29:35 INFO api Request completed status=200
2026-08-20T10:29:38 INFO api Request completed status=200
2026-08-20T10:29:38 INFO api Request completed status=200
2026-08-20T10:29:39 ERROR api Upstream service returned status=503
2026-08-20T10:29:39 INFO api Request completed status=200
2026-08-20T10:29:41 INFO api Request completed status=200
2026-08-20T10:29:41 INFO api Request completed status=204
2026-08-20T10:29:42 ERROR api Database connection failed
2026-08-20T10:29:42 INFO api Request completed status=200
2026-08-20T10:29:46 INFO api Request completed status=200
2026-08-20T10:29:48 INFO api Request completed status=200
2026-08-20T10:29:51 INFO api Request completed status=200
2026-08-20T10:29:53 INFO api Request completed status=200
2026-08-20T10:29:53 INFO api Request completed status=200
2026-08-20T10:29:54 INFO api Request completed status=200
2026-08-20T10:29:56 INFO api Request completed status=200
2026-08-20T10:29:56 INFO api Request completed status=201
2026-08-20T10:29:57 INFO api Request completed status=200
2026-08-20T10:29:57 INFO api Request completed status=204
2026-08-20T10:29:58 INFO api Request completed status=200
2026-08-20T10:29:58 INFO api Request completed status=204
2026-08-20T10:29:59 ERROR api Upstream service returned status=503
2026-08-20T10:29:59 INFO api Request completed status=201
