2026-08-13T10:00:00 ERROR api Upstream service returned status=503 duration=4467ms
2026-08-13T10:00:01 INFO api Request completed status=200 latency=120ms
2026-08-13T10:00:02 ERROR api Failed to process job job_id=job-272
2026-08-13T10:00:03 ERROR api Failed to process job job_id=job-225
2026-08-13T10:00:04 ERROR api Upstream service returned status=503 duration=5534ms
2026-08-13T10:00:05 INFO api Request completed status=200 latency=120ms
2026-08-13T10:00:06 ERROR api Database connection failed
2026-08-13T10:00:07 INFO api Worker heartbeat received
2026-08-13T10:00:08 INFO api Health check passed
2026-08-13T10:00:09 ERROR api Failed to process job job_id=job-598
2026-08-13T10:00:10 ERROR api Upstream service returned status=503 duration=5958ms
2026-08-13T10:00:11 ERROR api Upstream service returned status=503 duration=4143ms
2026-08-13T10:00:12 INFO api Health check passed
2026-08-13T10:00:13 INFO api Request completed status=200 latency=120ms
2026-08-13T10:00:14 INFO api Request completed status=200 latency=85ms
2026-08-13T10:00:15 ERROR api Timeout connecting to Redis
2026-08-13T10:00:16 ERROR api Database connection failed
2026-08-13T10:00:17 INFO api Health check passed
2026-08-13T10:00:18 INFO api Worker heartbeat received
2026-08-13T10:00:19 INFO api Request completed status=200 latency=85ms
2026-08-13T10:00:20 INFO api Request completed status=200 latency=85ms
2026-08-13T10:00:21 INFO api Worker heartbeat received
2026-08-13T10:00:22 INFO api Request completed status=200 latency=120ms
2026-08-13T10:00:23 INFO api Health check passed
2026-08-13T10:00:24 INFO api Request completed status=200 latency=120ms
2026-08-13T10:00:25 ERROR api Failed to process job job_id=job-776
2026-08-13T10:00:26 WARNING api High CPU usage
2026-08-13T10:00:27 INFO api Request completed status=200 latency=85ms
2026-08-13T10:00:28 INFO api Request completed status=200 latency=120ms
2026-08-13T10:00:29 INFO api Worker heartbeat received
2026-08-13T10:00:30 WARNING api High memory usage
2026-08-13T10:00:31 ERROR api Database connection failed
2026-08-13T10:00:32 INFO api Request completed status=200 latency=85ms
2026-08-13T10:00:33 ERROR api Failed to process job job_id=job-872
2026-08-13T10:00:34 INFO api Request completed status=200 latency=85ms
2026-08-13T10:00:35 INFO api Request completed status=200 latency=120ms
2026-08-13T10:00:36 WARNING api High CPU usage
2026-08-13T10:00:37 WARNING api High memory usage
2026-08-13T10:00:38 ERROR api Failed to process job job_id=job-516
2026-08-13T10:00:39 INFO api Health check passed
2026-08-13T10:00:40 INFO api Worker heartbeat received
2026-08-13T10:00:41 INFO api Worker heartbeat received
2026-08-13T10:00:42 WARNING api High memory usage
2026-08-13T10:00:43 INFO api Worker heartbeat received
2026-08-13T10:00:44 INFO api Health check passed
2026-08-13T10:00:45 ERROR api Upstream service returned status=503 duration=1043ms
2026-08-13T10:00:46 INFO api Request completed status=200 latency=85ms
2026-08-13T10:00:47 INFO api Request completed status=200 latency=120ms
2026-08-13T10:00:48 ERROR api Failed to process job job_id=job-703
2026-08-13T10:00:49 INFO api Request completed status=200 latency=85ms
2026-08-13T10:00:50 WARNING api High memory usage
2026-08-13T10:00:51 INFO api Request completed status=200 latency=120ms
2026-08-13T10:00:52 WARNING api High CPU usage
2026-08-13T10:00:53 WARNING api High memory usage
2026-08-13T10:00:54 INFO api Health check passed
2026-08-13T10:00:55 INFO api Health check passed
2026-08-13T10:00:56 INFO api Request completed status=200 latency=85ms
2026-08-13T10:00:57 ERROR api Upstream service returned status=503 duration=5162ms
2026-08-13T10:00:58 INFO api Worker heartbeat received
2026-08-13T10:00:59 INFO api Request completed status=200 latency=85ms
2026-08-13T10:01:00 ERROR api Upstream service returned status=503 duration=5477ms
2026-08-13T10:01:01 WARNING api High memory usage
2026-08-13T10:01:02 INFO api Request completed status=200 latency=85ms
2026-08-13T10:01:03 INFO api Worker heartbeat received
2026-08-13T10:01:04 INFO api Request completed status=200 latency=85ms
2026-08-13T10:01:05 ERROR api Upstream service returned status=503 duration=4403ms
2026-08-13T10:01:06 INFO api Request completed status=200 latency=120ms
2026-08-13T10:01:07 INFO api Health check passed
2026-08-13T10:01:08 INFO api Request completed status=200 latency=120ms
2026-08-13T10:01:09 ERROR api Database connection failed
2026-08-13T10:01:10 INFO api Health check passed
2026-08-13T10:01:11 WARNING api High CPU usage
2026-08-13T10:01:12 INFO api Request completed status=200 latency=120ms
2026-08-13T10:01:13 ERROR api Failed to process job job_id=job-699
2026-08-13T10:01:14 ERROR api Upstream service returned status=503 duration=3083ms
2026-08-13T10:01:15 ERROR api Failed to process job job_id=job-782
2026-08-13T10:01:16 INFO api Request completed status=200 latency=85ms
2026-08-13T10:01:17 INFO api Request completed status=200 latency=85ms
2026-08-13T10:01:18 INFO api Health check passed
2026-08-13T10:01:19 INFO api Health check passed
2026-08-13T10:01:20 INFO api Worker heartbeat received
2026-08-13T10:01:21 INFO api Worker heartbeat received
2026-08-13T10:01:22 INFO api Request completed status=200 latency=120ms
2026-08-13T10:01:23 INFO api Request completed status=200 latency=120ms
2026-08-13T10:01:24 INFO api Request completed status=200 latency=85ms
2026-08-13T10:01:25 INFO api Health check passed
2026-08-13T10:01:26 INFO api Worker heartbeat received
2026-08-13T10:01:27 ERROR api Timeout connecting to Redis
2026-08-13T10:01:28 ERROR api Upstream service returned status=503 duration=3926ms
2026-08-13T10:01:29 ERROR api Failed to process job job_id=job-469
2026-08-13T10:01:30 INFO api Request completed status=200 latency=85ms
2026-08-13T10:01:31 WARNING api High CPU usage
2026-08-13T10:01:32 ERROR api Upstream service returned status=503 duration=4536ms
2026-08-13T10:01:33 ERROR api Failed to process job job_id=job-816
2026-08-13T10:01:34 ERROR api Upstream service returned status=503 duration=2956ms
2026-08-13T10:01:35 ERROR api Database connection failed
2026-08-13T10:01:36 ERROR api Database connection failed
2026-08-13T10:01:37 INFO api Request completed status=200 latency=85ms
2026-08-13T10:01:38 INFO api Request completed status=200 latency=85ms
2026-08-13T10:01:39 WARNING api High memory usage
2026-08-13T10:01:40 INFO api Worker heartbeat received
2026-08-13T10:01:41 WARNING api High CPU usage
2026-08-13T10:01:42 ERROR api Failed to process job job_id=job-342
2026-08-13T10:01:43 INFO api Request completed status=200 latency=120ms
2026-08-13T10:01:44 INFO api Request completed status=200 latency=120ms
2026-08-13T10:01:45 INFO api Request completed status=200 latency=120ms
2026-08-13T10:01:46 ERROR api Upstream service returned status=503 duration=1725ms
2026-08-13T10:01:47 WARNING api High CPU usage
2026-08-13T10:01:48 INFO api Worker heartbeat received
2026-08-13T10:01:49 INFO api Request completed status=200 latency=120ms
2026-08-13T10:01:50 ERROR api Failed to process job job_id=job-118
2026-08-13T10:01:51 INFO api Request completed status=200 latency=85ms
2026-08-13T10:01:52 ERROR api Upstream service returned status=503 duration=1672ms
2026-08-13T10:01:53 INFO api Request completed status=200 latency=120ms
2026-08-13T10:01:54 WARNING api High CPU usage
2026-08-13T10:01:55 INFO api Request completed status=200 latency=120ms
2026-08-13T10:01:56 ERROR api Failed to process job job_id=job-340
2026-08-13T10:01:57 ERROR api Upstream service returned status=503 duration=3872ms
2026-08-13T10:01:58 INFO api Worker heartbeat received
2026-08-13T10:01:59 WARNING api High memory usage
2026-08-13T10:02:00 WARNING api High memory usage
2026-08-13T10:02:01 INFO api Worker heartbeat received
2026-08-13T10:02:02 INFO api Worker heartbeat received
2026-08-13T10:02:03 INFO api Health check passed
2026-08-13T10:02:04 WARNING api High CPU usage
2026-08-13T10:02:05 INFO api Request completed status=200 latency=120ms
2026-08-13T10:02:06 INFO api Request completed status=200 latency=120ms
2026-08-13T10:02:07 ERROR api Failed to process job job_id=job-838
2026-08-13T10:02:08 WARNING api High CPU usage
2026-08-13T10:02:09 INFO api Health check passed
2026-08-13T10:02:10 INFO api Health check passed
2026-08-13T10:02:11 INFO api Worker heartbeat received
2026-08-13T10:02:12 INFO api Worker heartbeat received
2026-08-13T10:02:13 WARNING api High CPU usage
2026-08-13T10:02:14 ERROR api Timeout connecting to Redis
2026-08-13T10:02:15 ERROR api Database connection failed
2026-08-13T10:02:16 ERROR api Failed to process job job_id=job-688
2026-08-13T10:02:17 INFO api Worker heartbeat received
2026-08-13T10:02:18 INFO api Worker heartbeat received
2026-08-13T10:02:19 INFO api Worker heartbeat received
2026-08-13T10:02:20 INFO api Request completed status=200 latency=120ms
2026-08-13T10:02:21 ERROR api Database connection failed
2026-08-13T10:02:22 ERROR api Failed to process job job_id=job-434
2026-08-13T10:02:23 ERROR api Timeout connecting to Redis
2026-08-13T10:02:24 INFO api Request completed status=200 latency=120ms
2026-08-13T10:02:25 INFO api Request completed status=200 latency=85ms
2026-08-13T10:02:26 INFO api Request completed status=200 latency=120ms
2026-08-13T10:02:27 WARNING api High CPU usage
2026-08-13T10:02:28 INFO api Request completed status=200 latency=85ms
2026-08-13T10:02:29 INFO api Worker heartbeat received
2026-08-13T10:02:30 INFO api Worker heartbeat received
2026-08-13T10:02:31 WARNING api High memory usage
2026-08-13T10:02:32 INFO api Health check passed
2026-08-13T10:02:33 INFO api Request completed status=200 latency=85ms
2026-08-13T10:02:34 INFO api Worker heartbeat received
2026-08-13T10:02:35 ERROR api Upstream service returned status=503 duration=1398ms
2026-08-13T10:02:36 ERROR api Timeout connecting to Redis
2026-08-13T10:02:37 INFO api Request completed status=200 latency=120ms
2026-08-13T10:02:38 INFO api Request completed status=200 latency=85ms
2026-08-13T10:02:39 ERROR api Failed to process job job_id=job-764
2026-08-13T10:02:40 INFO api Health check passed
2026-08-13T10:02:41 WARNING api High CPU usage
2026-08-13T10:02:42 ERROR api Upstream service returned status=503 duration=5484ms
2026-08-13T10:02:43 ERROR api Failed to process job job_id=job-673
2026-08-13T10:02:44 ERROR api Failed to process job job_id=job-692
2026-08-13T10:02:45 WARNING api High CPU usage
2026-08-13T10:02:46 ERROR api Database connection failed
2026-08-13T10:02:47 INFO api Health check passed
2026-08-13T10:02:48 ERROR api Failed to process job job_id=job-359
2026-08-13T10:02:49 WARNING api High CPU usage
2026-08-13T10:02:50 WARNING api High memory usage
2026-08-13T10:02:51 INFO api Request completed status=200 latency=85ms
2026-08-13T10:02:52 INFO api Health check passed
2026-08-13T10:02:53 ERROR api Upstream service returned status=503 duration=4683ms
2026-08-13T10:02:54 INFO api Health check passed
2026-08-13T10:02:55 ERROR api Failed to process job job_id=job-836
2026-08-13T10:02:56 INFO api Request completed status=200 latency=120ms
2026-08-13T10:02:57 INFO api Health check passed
2026-08-13T10:02:58 INFO api Request completed status=200 latency=85ms
2026-08-13T10:02:59 INFO api Worker heartbeat received
2026-08-13T10:03:00 ERROR api Failed to process job job_id=job-169
2026-08-13T10:03:01 INFO api Request completed status=200 latency=85ms
2026-08-13T10:03:02 ERROR api Failed to process job job_id=job-197
2026-08-13T10:03:03 INFO api Request completed status=200 latency=85ms
2026-08-13T10:03:04 INFO api Request completed status=200 latency=120ms
2026-08-13T10:03:05 ERROR api Upstream service returned status=503 duration=2064ms
2026-08-13T10:03:06 ERROR api Database connection failed
2026-08-13T10:03:07 INFO api Request completed status=200 latency=85ms
2026-08-13T10:03:08 INFO api Worker heartbeat received
2026-08-13T10:03:09 ERROR api Database connection failed
2026-08-13T10:03:10 ERROR api Failed to process job job_id=job-963
2026-08-13T10:03:11 INFO api Request completed status=200 latency=85ms
2026-08-13T10:03:12 INFO api Request completed status=200 latency=120ms
2026-08-13T10:03:13 INFO api Worker heartbeat received
2026-08-13T10:03:14 INFO api Health check passed
2026-08-13T10:03:15 WARNING api High memory usage
2026-08-13T10:03:16 ERROR api Database connection failed
2026-08-13T10:03:17 INFO api Health check passed
2026-08-13T10:03:18 INFO api Worker heartbeat received
2026-08-13T10:03:19 ERROR api Upstream service returned status=503 duration=5907ms
2026-08-13T10:03:20 INFO api Health check passed
2026-08-13T10:03:21 INFO api Request completed status=200 latency=120ms
2026-08-13T10:03:22 WARNING api High memory usage
2026-08-13T10:03:23 INFO api Health check passed
2026-08-13T10:03:24 INFO api Request completed status=200 latency=120ms
2026-08-13T10:03:25 WARNING api High memory usage
2026-08-13T10:03:26 INFO api Worker heartbeat received
2026-08-13T10:03:27 ERROR api Upstream service returned status=503 duration=4735ms
2026-08-13T10:03:28 INFO api Request completed status=200 latency=85ms
2026-08-13T10:03:29 WARNING api High CPU usage
2026-08-13T10:03:30 INFO api Health check passed
2026-08-13T10:03:31 INFO api Worker heartbeat received
2026-08-13T10:03:32 INFO api Health check passed
2026-08-13T10:03:33 INFO api Health check passed
2026-08-13T10:03:34 INFO api Health check passed
2026-08-13T10:03:35 INFO api Health check passed
2026-08-13T10:03:36 INFO api Health check passed
2026-08-13T10:03:37 INFO api Worker heartbeat received
2026-08-13T10:03:38 INFO api Request completed status=200 latency=85ms
2026-08-13T10:03:39 INFO api Request completed status=200 latency=120ms
2026-08-13T10:03:40 INFO api Request completed status=200 latency=85ms
2026-08-13T10:03:41 INFO api Health check passed
2026-08-13T10:03:42 INFO api Worker heartbeat received
2026-08-13T10:03:43 INFO api Request completed status=200 latency=120ms
2026-08-13T10:03:44 ERROR api Upstream service returned status=503 duration=1844ms
2026-08-13T10:03:45 ERROR api Upstream service returned status=503 duration=2298ms
2026-08-13T10:03:46 INFO api Health check passed
2026-08-13T10:03:47 INFO api Request completed status=200 latency=120ms
2026-08-13T10:03:48 INFO api Request completed status=200 latency=120ms
2026-08-13T10:03:49 INFO api Health check passed
2026-08-13T10:03:50 ERROR api Failed to process job job_id=job-157
2026-08-13T10:03:51 INFO api Worker heartbeat received
2026-08-13T10:03:52 INFO api Health check passed
2026-08-13T10:03:53 ERROR api Database connection failed
2026-08-13T10:03:54 ERROR api Timeout connecting to Redis
2026-08-13T10:03:55 ERROR api Failed to process job job_id=job-117
2026-08-13T10:03:56 INFO api Worker heartbeat received
2026-08-13T10:03:57 INFO api Worker heartbeat received
2026-08-13T10:03:58 INFO api Worker heartbeat received
2026-08-13T10:03:59 INFO api Health check passed
2026-08-13T10:04:00 INFO api Health check passed
2026-08-13T10:04:01 ERROR api Upstream service returned status=503 duration=5876ms
2026-08-13T10:04:02 INFO api Worker heartbeat received
2026-08-13T10:04:03 INFO api Request completed status=200 latency=85ms
2026-08-13T10:04:04 ERROR api Database connection failed
2026-08-13T10:04:05 WARNING api High CPU usage
2026-08-13T10:04:06 ERROR api Failed to process job job_id=job-390
2026-08-13T10:04:07 ERROR api Database connection failed
2026-08-13T10:04:08 INFO api Request completed status=200 latency=120ms
2026-08-13T10:04:09 INFO api Request completed status=200 latency=85ms
2026-08-13T10:04:10 INFO api Worker heartbeat received
2026-08-13T10:04:11 ERROR api Database connection failed
2026-08-13T10:04:12 INFO api Request completed status=200 latency=85ms
2026-08-13T10:04:13 INFO api Worker heartbeat received
2026-08-13T10:04:14 ERROR api Database connection failed
2026-08-13T10:04:15 INFO api Health check passed
2026-08-13T10:04:16 WARNING api High memory usage
2026-08-13T10:04:17 WARNING api High CPU usage
2026-08-13T10:04:18 INFO api Worker heartbeat received
2026-08-13T10:04:19 INFO api Worker heartbeat received
2026-08-13T10:04:20 INFO api Health check passed
2026-08-13T10:04:21 WARNING api High memory usage
2026-08-13T10:04:22 INFO api Worker heartbeat received
2026-08-13T10:04:23 ERROR api Database connection failed
2026-08-13T10:04:24 WARNING api High CPU usage
2026-08-13T10:04:25 INFO api Health check passed
2026-08-13T10:04:26 INFO api Worker heartbeat received
2026-08-13T10:04:27 INFO api Health check passed
2026-08-13T10:04:28 INFO api Request completed status=200 latency=120ms
2026-08-13T10:04:29 WARNING api High memory usage
2026-08-13T10:04:30 INFO api Health check passed
2026-08-13T10:04:31 ERROR api Database connection failed
2026-08-13T10:04:32 INFO api Health check passed
2026-08-13T10:04:33 ERROR api Failed to process job job_id=job-202
2026-08-13T10:04:34 ERROR api Upstream service returned status=503 duration=1444ms
2026-08-13T10:04:35 INFO api Request completed status=200 latency=85ms
2026-08-13T10:04:36 INFO api Request completed status=200 latency=120ms
2026-08-13T10:04:37 INFO api Request completed status=200 latency=120ms
2026-08-13T10:04:38 INFO api Health check passed
2026-08-13T10:04:39 WARNING api High memory usage
2026-08-13T10:04:40 ERROR api Timeout connecting to Redis
2026-08-13T10:04:41 INFO api Health check passed
2026-08-13T10:04:42 INFO api Request completed status=200 latency=120ms
2026-08-13T10:04:43 ERROR api Upstream service returned status=503 duration=2575ms
2026-08-13T10:04:44 WARNING api High CPU usage
2026-08-13T10:04:45 INFO api Request completed status=200 latency=120ms
2026-08-13T10:04:46 ERROR api Failed to process job job_id=job-442
2026-08-13T10:04:47 INFO api Worker heartbeat received
2026-08-13T10:04:48 INFO api Worker heartbeat received
2026-08-13T10:04:49 INFO api Request completed status=200 latency=85ms
2026-08-13T10:04:50 INFO api Health check passed
2026-08-13T10:04:51 ERROR api Timeout connecting to Redis
2026-08-13T10:04:52 ERROR api Database connection failed
2026-08-13T10:04:53 INFO api Request completed status=200 latency=120ms
2026-08-13T10:04:54 WARNING api High CPU usage
2026-08-13T10:04:55 INFO api Request completed status=200 latency=85ms
2026-08-13T10:04:56 WARNING api High CPU usage
2026-08-13T10:04:57 WARNING api High CPU usage
2026-08-13T10:04:58 INFO api Worker heartbeat received
2026-08-13T10:04:59 ERROR api Upstream service returned status=503 duration=4164ms
