2026-08-11T10:00:00 ERROR api Database connection failed
2026-08-11T10:00:01 WARNING api High memory usage
2026-08-11T10:00:02 INFO api Request completed status=200 latency=120ms
2026-08-11T10:00:03 WARNING api High CPU usage
2026-08-11T10:00:04 WARNING api High memory usage
2026-08-11T10:00:05 ERROR api Database connection failed
2026-08-11T10:00:06 WARNING api High memory usage
2026-08-11T10:00:07 ERROR api Failed to process job job_id=job-892
2026-08-11T10:00:08 ERROR api Timeout connecting to Redis
2026-08-11T10:00:09 ERROR api Database connection failed
2026-08-11T10:00:10 WARNING api High memory usage
2026-08-11T10:00:11 ERROR api Database connection failed
2026-08-11T10:00:12 INFO api Request completed status=200 latency=120ms
2026-08-11T10:00:13 ERROR api Database connection failed
2026-08-11T10:00:14 INFO api Worker heartbeat received
2026-08-11T10:00:15 INFO api Health check passed
2026-08-11T10:00:16 WARNING api High CPU usage
2026-08-11T10:00:17 ERROR api Timeout connecting to Redis
2026-08-11T10:00:18 INFO api Health check passed
2026-08-11T10:00:19 ERROR api Failed to process job job_id=job-761
2026-08-11T10:00:20 INFO api Worker heartbeat received
2026-08-11T10:00:21 INFO api Worker heartbeat received
2026-08-11T10:00:22 WARNING api High memory usage
2026-08-11T10:00:23 INFO api Request completed status=200 latency=85ms
2026-08-11T10:00:24 INFO api Request completed status=200 latency=120ms
2026-08-11T10:00:25 INFO api Health check passed
2026-08-11T10:00:26 ERROR api Database connection failed
2026-08-11T10:00:27 WARNING api High memory usage
2026-08-11T10:00:28 INFO api Worker heartbeat received
2026-08-11T10:00:29 INFO api Health check passed
2026-08-11T10:00:30 ERROR api Timeout connecting to Redis
2026-08-11T10:00:31 INFO api Health check passed
2026-08-11T10:00:32 ERROR api Database connection failed
2026-08-11T10:00:33 ERROR api Timeout connecting to Redis
2026-08-11T10:00:34 INFO api Request completed status=200 latency=120ms
2026-08-11T10:00:35 INFO api Worker heartbeat received
2026-08-11T10:00:36 INFO api Request completed status=200 latency=85ms
2026-08-11T10:00:37 INFO api Request completed status=200 latency=85ms
2026-08-11T10:00:38 ERROR api Timeout connecting to Redis
2026-08-11T10:00:39 WARNING api High CPU usage
2026-08-11T10:00:40 ERROR api Database connection failed
2026-08-11T10:00:41 ERROR api Database connection failed
2026-08-11T10:00:42 WARNING api High CPU usage
2026-08-11T10:00:43 INFO api Worker heartbeat received
2026-08-11T10:00:44 ERROR api Timeout connecting to Redis
2026-08-11T10:00:45 INFO api Request completed status=200 latency=120ms
2026-08-11T10:00:46 ERROR api Failed to process job job_id=job-914
2026-08-11T10:00:47 INFO api Request completed status=200 latency=120ms
2026-08-11T10:00:48 INFO api Worker heartbeat received
2026-08-11T10:00:49 ERROR api Database connection failed
2026-08-11T10:00:50 INFO api Request completed status=200 latency=120ms
2026-08-11T10:00:51 INFO api Health check passed
2026-08-11T10:00:52 WARNING api High memory usage
2026-08-11T10:00:53 INFO api Request completed status=200 latency=85ms
2026-08-11T10:00:54 INFO api Worker heartbeat received
2026-08-11T10:00:55 ERROR api Failed to process job job_id=job-247
2026-08-11T10:00:56 WARNING api High memory usage
2026-08-11T10:00:57 INFO api Request completed status=200 latency=120ms
2026-08-11T10:00:58 INFO api Worker heartbeat received
2026-08-11T10:00:59 INFO api Request completed status=200 latency=85ms
2026-08-11T10:01:00 INFO api Health check passed
2026-08-11T10:01:01 INFO api Worker heartbeat received
2026-08-11T10:01:02 WARNING api High CPU usage
2026-08-11T10:01:03 INFO api Request completed status=200 latency=85ms
2026-08-11T10:01:04 INFO api Worker heartbeat received
2026-08-11T10:01:05 WARNING api High memory usage
2026-08-11T10:01:06 INFO api Request completed status=200 latency=120ms
2026-08-11T10:01:07 WARNING api High CPU usage
2026-08-11T10:01:08 WARNING api High memory usage
2026-08-11T10:01:09 ERROR api Database connection failed
2026-08-11T10:01:10 INFO api Request completed status=200 latency=85ms
2026-08-11T10:01:11 WARNING api High memory usage
2026-08-11T10:01:12 INFO api Health check passed
2026-08-11T10:01:13 ERROR api Timeout connecting to Redis
2026-08-11T10:01:14 ERROR api Upstream service returned status=503 duration=2992ms
2026-08-11T10:01:15 ERROR api Database connection failed
2026-08-11T10:01:16 WARNING api High memory usage
2026-08-11T10:01:17 INFO api Request completed status=200 latency=85ms
2026-08-11T10:01:18 INFO api Request completed status=200 latency=120ms
2026-08-11T10:01:19 ERROR api Timeout connecting to Redis
2026-08-11T10:01:20 ERROR api Database connection failed
2026-08-11T10:01:21 WARNING api High memory usage
2026-08-11T10:01:22 INFO api Request completed status=200 latency=85ms
2026-08-11T10:01:23 INFO api Worker heartbeat received
2026-08-11T10:01:24 INFO api Worker heartbeat received
2026-08-11T10:01:25 INFO api Health check passed
2026-08-11T10:01:26 INFO api Worker heartbeat received
2026-08-11T10:01:27 WARNING api High memory usage
2026-08-11T10:01:28 INFO api Request completed status=200 latency=85ms
2026-08-11T10:01:29 INFO api Request completed status=200 latency=120ms
2026-08-11T10:01:30 INFO api Worker heartbeat received
2026-08-11T10:01:31 WARNING api High memory usage
2026-08-11T10:01:32 INFO api Health check passed
2026-08-11T10:01:33 INFO api Health check passed
2026-08-11T10:01:34 INFO api Worker heartbeat received
2026-08-11T10:01:35 WARNING api High memory usage
2026-08-11T10:01:36 INFO api Health check passed
2026-08-11T10:01:37 INFO api Request completed status=200 latency=85ms
2026-08-11T10:01:38 INFO api Request completed status=200 latency=85ms
2026-08-11T10:01:39 WARNING api High memory usage
2026-08-11T10:01:40 INFO api Worker heartbeat received
2026-08-11T10:01:41 INFO api Request completed status=200 latency=85ms
2026-08-11T10:01:42 INFO api Worker heartbeat received
2026-08-11T10:01:43 WARNING api High CPU usage
2026-08-11T10:01:44 ERROR api Database connection failed
2026-08-11T10:01:45 INFO api Health check passed
2026-08-11T10:01:46 ERROR api Database connection failed
2026-08-11T10:01:47 INFO api Health check passed
2026-08-11T10:01:48 ERROR api Timeout connecting to Redis
2026-08-11T10:01:49 INFO api Health check passed
2026-08-11T10:01:50 ERROR api Database connection failed
2026-08-11T10:01:51 INFO api Health check passed
2026-08-11T10:01:52 ERROR api Timeout connecting to Redis
2026-08-11T10:01:53 INFO api Health check passed
2026-08-11T10:01:54 WARNING api High memory usage
2026-08-11T10:01:55 ERROR api Database connection failed
2026-08-11T10:01:56 INFO api Request completed status=200 latency=85ms
2026-08-11T10:01:57 INFO api Request completed status=200 latency=120ms
2026-08-11T10:01:58 INFO api Request completed status=200 latency=85ms
2026-08-11T10:01:59 WARNING api High CPU usage
2026-08-11T10:02:00 INFO api Request completed status=200 latency=85ms
2026-08-11T10:02:01 INFO api Request completed status=200 latency=120ms
2026-08-11T10:02:02 INFO api Health check passed
2026-08-11T10:02:03 INFO api Request completed status=200 latency=120ms
2026-08-11T10:02:04 WARNING api High CPU usage
2026-08-11T10:02:05 ERROR api Failed to process job job_id=job-992
2026-08-11T10:02:06 ERROR api Database connection failed
2026-08-11T10:02:07 WARNING api High CPU usage
2026-08-11T10:02:08 ERROR api Database connection failed
2026-08-11T10:02:09 INFO api Request completed status=200 latency=85ms
2026-08-11T10:02:10 ERROR api Timeout connecting to Redis
2026-08-11T10:02:11 INFO api Request completed status=200 latency=85ms
2026-08-11T10:02:12 WARNING api High CPU usage
2026-08-11T10:02:13 ERROR api Timeout connecting to Redis
2026-08-11T10:02:14 ERROR api Timeout connecting to Redis
2026-08-11T10:02:15 INFO api Request completed status=200 latency=85ms
2026-08-11T10:02:16 INFO api Request completed status=200 latency=120ms
2026-08-11T10:02:17 INFO api Worker heartbeat received
2026-08-11T10:02:18 WARNING api High CPU usage
2026-08-11T10:02:19 ERROR api Timeout connecting to Redis
2026-08-11T10:02:20 INFO api Worker heartbeat received
2026-08-11T10:02:21 INFO api Request completed status=200 latency=85ms
2026-08-11T10:02:22 INFO api Request completed status=200 latency=85ms
2026-08-11T10:02:23 INFO api Request completed status=200 latency=85ms
2026-08-11T10:02:24 INFO api Request completed status=200 latency=85ms
2026-08-11T10:02:25 INFO api Request completed status=200 latency=120ms
2026-08-11T10:02:26 WARNING api High memory usage
2026-08-11T10:02:27 ERROR api Timeout connecting to Redis
2026-08-11T10:02:28 INFO api Request completed status=200 latency=120ms
2026-08-11T10:02:29 INFO api Request completed status=200 latency=85ms
2026-08-11T10:02:30 INFO api Worker heartbeat received
2026-08-11T10:02:31 INFO api Request completed status=200 latency=85ms
2026-08-11T10:02:32 WARNING api High CPU usage
2026-08-11T10:02:33 INFO api Health check passed
2026-08-11T10:02:34 ERROR api Database connection failed
2026-08-11T10:02:35 WARNING api High memory usage
2026-08-11T10:02:36 INFO api Worker heartbeat received
2026-08-11T10:02:37 ERROR api Timeout connecting to Redis
2026-08-11T10:02:38 WARNING api High memory usage
2026-08-11T10:02:39 WARNING api High CPU usage
2026-08-11T10:02:40 INFO api Health check passed
2026-08-11T10:02:41 ERROR api Timeout connecting to Redis
2026-08-11T10:02:42 INFO api Request completed status=200 latency=85ms
2026-08-11T10:02:43 ERROR api Failed to process job job_id=job-461
2026-08-11T10:02:44 INFO api Request completed status=200 latency=120ms
2026-08-11T10:02:45 WARNING api High CPU usage
2026-08-11T10:02:46 ERROR api Database connection failed
2026-08-11T10:02:47 INFO api Request completed status=200 latency=120ms
2026-08-11T10:02:48 INFO api Request completed status=200 latency=120ms
2026-08-11T10:02:49 INFO api Health check passed
2026-08-11T10:02:50 INFO api Request completed status=200 latency=85ms
2026-08-11T10:02:51 INFO api Request completed status=200 latency=85ms
2026-08-11T10:02:52 WARNING api High CPU usage
2026-08-11T10:02:53 ERROR api Failed to process job job_id=job-266
2026-08-11T10:02:54 INFO api Request completed status=200 latency=120ms
2026-08-11T10:02:55 WARNING api High memory usage
2026-08-11T10:02:56 ERROR api Database connection failed
2026-08-11T10:02:57 INFO api Worker heartbeat received
2026-08-11T10:02:58 ERROR api Database connection failed
2026-08-11T10:02:59 INFO api Request completed status=200 latency=120ms
2026-08-11T10:03:00 ERROR api Database connection failed
2026-08-11T10:03:01 WARNING api High memory usage
2026-08-11T10:03:02 INFO api Request completed status=200 latency=85ms
2026-08-11T10:03:03 INFO api Health check passed
2026-08-11T10:03:04 INFO api Request completed status=200 latency=120ms
2026-08-11T10:03:05 INFO api Health check passed
2026-08-11T10:03:06 WARNING api High CPU usage
2026-08-11T10:03:07 WARNING api High memory usage
2026-08-11T10:03:08 INFO api Request completed status=200 latency=120ms
2026-08-11T10:03:09 INFO api Request completed status=200 latency=120ms
2026-08-11T10:03:10 INFO api Health check passed
2026-08-11T10:03:11 ERROR api Timeout connecting to Redis
2026-08-11T10:03:12 ERROR api Failed to process job job_id=job-885
2026-08-11T10:03:13 INFO api Health check passed
2026-08-11T10:03:14 INFO api Health check passed
2026-08-11T10:03:15 WARNING api High memory usage
2026-08-11T10:03:16 INFO api Request completed status=200 latency=120ms
2026-08-11T10:03:17 INFO api Health check passed
2026-08-11T10:03:18 WARNING api High memory usage
2026-08-11T10:03:19 INFO api Request completed status=200 latency=120ms
2026-08-11T10:03:20 INFO api Request completed status=200 latency=120ms
2026-08-11T10:03:21 WARNING api High memory usage
2026-08-11T10:03:22 INFO api Worker heartbeat received
2026-08-11T10:03:23 INFO api Request completed status=200 latency=85ms
2026-08-11T10:03:24 WARNING api High memory usage
2026-08-11T10:03:25 ERROR api Timeout connecting to Redis
2026-08-11T10:03:26 WARNING api High CPU usage
2026-08-11T10:03:27 ERROR api Failed to process job job_id=job-657
2026-08-11T10:03:28 ERROR api Database connection failed
2026-08-11T10:03:29 INFO api Request completed status=200 latency=85ms
2026-08-11T10:03:30 INFO api Health check passed
2026-08-11T10:03:31 ERROR api Database connection failed
2026-08-11T10:03:32 INFO api Request completed status=200 latency=120ms
2026-08-11T10:03:33 ERROR api Failed to process job job_id=job-175
2026-08-11T10:03:34 WARNING api High CPU usage
2026-08-11T10:03:35 WARNING api High CPU usage
2026-08-11T10:03:36 WARNING api High CPU usage
2026-08-11T10:03:37 INFO api Request completed status=200 latency=120ms
2026-08-11T10:03:38 INFO api Request completed status=200 latency=120ms
2026-08-11T10:03:39 INFO api Health check passed
2026-08-11T10:03:40 ERROR api Failed to process job job_id=job-987
2026-08-11T10:03:41 INFO api Health check passed
2026-08-11T10:03:42 WARNING api High memory usage
2026-08-11T10:03:43 ERROR api Failed to process job job_id=job-734
2026-08-11T10:03:44 ERROR api Timeout connecting to Redis
2026-08-11T10:03:45 INFO api Health check passed
2026-08-11T10:03:46 INFO api Request completed status=200 latency=85ms
2026-08-11T10:03:47 INFO api Request completed status=200 latency=85ms
2026-08-11T10:03:48 WARNING api High CPU usage
2026-08-11T10:03:49 ERROR api Failed to process job job_id=job-927
2026-08-11T10:03:50 WARNING api High memory usage
2026-08-11T10:03:51 ERROR api Database connection failed
2026-08-11T10:03:52 ERROR api Failed to process job job_id=job-947
2026-08-11T10:03:53 WARNING api High memory usage
2026-08-11T10:03:54 ERROR api Timeout connecting to Redis
2026-08-11T10:03:55 ERROR api Database connection failed
2026-08-11T10:03:56 INFO api Request completed status=200 latency=85ms
2026-08-11T10:03:57 INFO api Health check passed
2026-08-11T10:03:58 INFO api Health check passed
2026-08-11T10:03:59 INFO api Request completed status=200 latency=85ms
2026-08-11T10:04:00 WARNING api High memory usage
2026-08-11T10:04:01 WARNING api High CPU usage
2026-08-11T10:04:02 ERROR api Database connection failed
2026-08-11T10:04:03 INFO api Request completed status=200 latency=85ms
2026-08-11T10:04:04 ERROR api Database connection failed
2026-08-11T10:04:05 ERROR api Failed to process job job_id=job-559
2026-08-11T10:04:06 INFO api Request completed status=200 latency=85ms
2026-08-11T10:04:07 WARNING api High CPU usage
2026-08-11T10:04:08 INFO api Health check passed
2026-08-11T10:04:09 ERROR api Failed to process job job_id=job-321
2026-08-11T10:04:10 ERROR api Database connection failed
2026-08-11T10:04:11 INFO api Health check passed
2026-08-11T10:04:12 INFO api Request completed status=200 latency=85ms
2026-08-11T10:04:13 INFO api Request completed status=200 latency=85ms
2026-08-11T10:04:14 INFO api Request completed status=200 latency=120ms
2026-08-11T10:04:15 INFO api Request completed status=200 latency=120ms
2026-08-11T10:04:16 INFO api Worker heartbeat received
2026-08-11T10:04:17 INFO api Health check passed
2026-08-11T10:04:18 INFO api Worker heartbeat received
2026-08-11T10:04:19 INFO api Request completed status=200 latency=120ms
2026-08-11T10:04:20 ERROR api Database connection failed
2026-08-11T10:04:21 INFO api Request completed status=200 latency=85ms
2026-08-11T10:04:22 INFO api Health check passed
2026-08-11T10:04:23 WARNING api High CPU usage
2026-08-11T10:04:24 INFO api Health check passed
2026-08-11T10:04:25 WARNING api High memory usage
2026-08-11T10:04:26 INFO api Request completed status=200 latency=120ms
2026-08-11T10:04:27 INFO api Request completed status=200 latency=120ms
2026-08-11T10:04:28 INFO api Request completed status=200 latency=85ms
2026-08-11T10:04:29 INFO api Request completed status=200 latency=120ms
2026-08-11T10:04:30 INFO api Request completed status=200 latency=85ms
2026-08-11T10:04:31 INFO api Worker heartbeat received
2026-08-11T10:04:32 ERROR api Database connection failed
2026-08-11T10:04:33 INFO api Health check passed
2026-08-11T10:04:34 INFO api Health check passed
2026-08-11T10:04:35 INFO api Health check passed
2026-08-11T10:04:36 ERROR api Database connection failed
2026-08-11T10:04:37 ERROR api Database connection failed
2026-08-11T10:04:38 INFO api Worker heartbeat received
2026-08-11T10:04:39 INFO api Request completed status=200 latency=120ms
2026-08-11T10:04:40 INFO api Request completed status=200 latency=120ms
2026-08-11T10:04:41 ERROR api Database connection failed
2026-08-11T10:04:42 ERROR api Timeout connecting to Redis
2026-08-11T10:04:43 ERROR api Upstream service returned status=503 duration=5306ms
2026-08-11T10:04:44 INFO api Worker heartbeat received
2026-08-11T10:04:45 WARNING api High CPU usage
2026-08-11T10:04:46 INFO api Health check passed
2026-08-11T10:04:47 WARNING api High CPU usage
2026-08-11T10:04:48 ERROR api Database connection failed
2026-08-11T10:04:49 INFO api Request completed status=200 latency=120ms
2026-08-11T10:04:50 INFO api Request completed status=200 latency=85ms
2026-08-11T10:04:51 WARNING api High memory usage
2026-08-11T10:04:52 ERROR api Failed to process job job_id=job-271
2026-08-11T10:04:53 INFO api Worker heartbeat received
2026-08-11T10:04:54 INFO api Request completed status=200 latency=85ms
2026-08-11T10:04:55 INFO api Request completed status=200 latency=85ms
2026-08-11T10:04:56 INFO api Request completed status=200 latency=85ms
2026-08-11T10:04:57 INFO api Worker heartbeat received
2026-08-11T10:04:58 INFO api Request completed status=200 latency=120ms
2026-08-11T10:04:59 INFO api Health check passed
