2026-08-12T10:00:00 WARNING api High CPU usage
2026-08-12T10:00:01 ERROR api Timeout connecting to Redis
2026-08-12T10:00:02 INFO api Worker heartbeat received
2026-08-12T10:00:03 WARNING api High memory usage
2026-08-12T10:00:04 INFO api Worker heartbeat received
2026-08-12T10:00:05 INFO api Health check passed
2026-08-12T10:00:06 WARNING api High memory usage
2026-08-12T10:00:07 ERROR api Failed to process job job_id=job-461
2026-08-12T10:00:08 WARNING api High memory usage
2026-08-12T10:00:09 INFO api Worker heartbeat received
2026-08-12T10:00:10 INFO api Health check passed
2026-08-12T10:00:11 INFO api Request completed status=200 latency=120ms
2026-08-12T10:00:12 ERROR api Failed to process job job_id=job-307
2026-08-12T10:00:13 INFO api Worker heartbeat received
2026-08-12T10:00:14 WARNING api High memory usage
2026-08-12T10:00:15 WARNING api High memory usage
2026-08-12T10:00:16 ERROR api Upstream service returned status=503 duration=5459ms
2026-08-12T10:00:17 WARNING api High memory usage
2026-08-12T10:00:18 WARNING api High memory usage
2026-08-12T10:00:19 ERROR api Database connection failed
2026-08-12T10:00:20 INFO api Worker heartbeat received
2026-08-12T10:00:21 INFO api Worker heartbeat received
2026-08-12T10:00:22 INFO api Request completed status=200 latency=120ms
2026-08-12T10:00:23 INFO api Request completed status=200 latency=85ms
2026-08-12T10:00:24 WARNING api High CPU usage
2026-08-12T10:00:25 INFO api Worker heartbeat received
2026-08-12T10:00:26 ERROR api Database connection failed
2026-08-12T10:00:27 INFO api Worker heartbeat received
2026-08-12T10:00:28 ERROR api Timeout connecting to Redis
2026-08-12T10:00:29 INFO api Health check passed
2026-08-12T10:00:30 ERROR api Database connection failed
2026-08-12T10:00:31 ERROR api Failed to process job job_id=job-770
2026-08-12T10:00:32 INFO api Worker heartbeat received
2026-08-12T10:00:33 INFO api Request completed status=200 latency=120ms
2026-08-12T10:00:34 WARNING api High memory usage
2026-08-12T10:00:35 INFO api Worker heartbeat received
2026-08-12T10:00:36 WARNING api High CPU usage
2026-08-12T10:00:37 WARNING api High memory usage
2026-08-12T10:00:38 WARNING api High memory usage
2026-08-12T10:00:39 ERROR api Timeout connecting to Redis
2026-08-12T10:00:40 INFO api Request completed status=200 latency=120ms
2026-08-12T10:00:41 INFO api Health check passed
2026-08-12T10:00:42 WARNING api High CPU usage
2026-08-12T10:00:43 ERROR api Failed to process job job_id=job-469
2026-08-12T10:00:44 ERROR api Failed to process job job_id=job-135
2026-08-12T10:00:45 INFO api Request completed status=200 latency=85ms
2026-08-12T10:00:46 ERROR api Timeout connecting to Redis
2026-08-12T10:00:47 INFO api Request completed status=200 latency=85ms
2026-08-12T10:00:48 INFO api Request completed status=200 latency=85ms
2026-08-12T10:00:49 ERROR api Timeout connecting to Redis
2026-08-12T10:00:50 WARNING api High CPU usage
2026-08-12T10:00:51 INFO api Health check passed
2026-08-12T10:00:52 WARNING api High CPU usage
2026-08-12T10:00:53 ERROR api Timeout connecting to Redis
2026-08-12T10:00:54 INFO api Request completed status=200 latency=120ms
2026-08-12T10:00:55 INFO api Health check passed
2026-08-12T10:00:56 WARNING api High memory usage
2026-08-12T10:00:57 ERROR api Database connection failed
2026-08-12T10:00:58 INFO api Worker heartbeat received
2026-08-12T10:00:59 INFO api Health check passed
2026-08-12T10:01:00 INFO api Health check passed
2026-08-12T10:01:01 ERROR api Timeout connecting to Redis
2026-08-12T10:01:02 INFO api Worker heartbeat received
2026-08-12T10:01:03 INFO api Request completed status=200 latency=120ms
2026-08-12T10:01:04 INFO api Request completed status=200 latency=120ms
2026-08-12T10:01:05 WARNING api High memory usage
2026-08-12T10:01:06 INFO api Health check passed
2026-08-12T10:01:07 INFO api Request completed status=200 latency=85ms
2026-08-12T10:01:08 ERROR api Upstream service returned status=503 duration=3492ms
2026-08-12T10:01:09 WARNING api High memory usage
2026-08-12T10:01:10 INFO api Request completed status=200 latency=85ms
2026-08-12T10:01:11 INFO api Request completed status=200 latency=85ms
2026-08-12T10:01:12 ERROR api Timeout connecting to Redis
2026-08-12T10:01:13 ERROR api Upstream service returned status=503 duration=2571ms
2026-08-12T10:01:14 INFO api Request completed status=200 latency=120ms
2026-08-12T10:01:15 ERROR api Failed to process job job_id=job-737
2026-08-12T10:01:16 INFO api Request completed status=200 latency=85ms
2026-08-12T10:01:17 WARNING api High memory usage
2026-08-12T10:01:18 ERROR api Timeout connecting to Redis
2026-08-12T10:01:19 ERROR api Upstream service returned status=503 duration=4564ms
2026-08-12T10:01:20 ERROR api Upstream service returned status=503 duration=5294ms
2026-08-12T10:01:21 ERROR api Failed to process job job_id=job-770
2026-08-12T10:01:22 ERROR api Upstream service returned status=503 duration=2945ms
2026-08-12T10:01:23 INFO api Request completed status=200 latency=85ms
2026-08-12T10:01:24 INFO api Request completed status=200 latency=85ms
2026-08-12T10:01:25 INFO api Worker heartbeat received
2026-08-12T10:01:26 INFO api Worker heartbeat received
2026-08-12T10:01:27 WARNING api High CPU usage
2026-08-12T10:01:28 INFO api Request completed status=200 latency=85ms
2026-08-12T10:01:29 INFO api Request completed status=200 latency=85ms
2026-08-12T10:01:30 ERROR api Timeout connecting to Redis
2026-08-12T10:01:31 INFO api Worker heartbeat received
2026-08-12T10:01:32 INFO api Request completed status=200 latency=85ms
2026-08-12T10:01:33 ERROR api Timeout connecting to Redis
2026-08-12T10:01:34 INFO api Request completed status=200 latency=120ms
2026-08-12T10:01:35 ERROR api Failed to process job job_id=job-817
2026-08-12T10:01:36 ERROR api Failed to process job job_id=job-742
2026-08-12T10:01:37 INFO api Worker heartbeat received
2026-08-12T10:01:38 ERROR api Failed to process job job_id=job-337
2026-08-12T10:01:39 INFO api Worker heartbeat received
2026-08-12T10:01:40 INFO api Request completed status=200 latency=120ms
2026-08-12T10:01:41 INFO api Health check passed
2026-08-12T10:01:42 INFO api Health check passed
2026-08-12T10:01:43 ERROR api Timeout connecting to Redis
2026-08-12T10:01:44 ERROR api Timeout connecting to Redis
2026-08-12T10:01:45 INFO api Request completed status=200 latency=120ms
2026-08-12T10:01:46 WARNING api High CPU usage
2026-08-12T10:01:47 INFO api Request completed status=200 latency=120ms
2026-08-12T10:01:48 ERROR api Timeout connecting to Redis
2026-08-12T10:01:49 ERROR api Timeout connecting to Redis
2026-08-12T10:01:50 ERROR api Timeout connecting to Redis
2026-08-12T10:01:51 ERROR api Timeout connecting to Redis
2026-08-12T10:01:52 ERROR api Failed to process job job_id=job-849
2026-08-12T10:01:53 INFO api Health check passed
2026-08-12T10:01:54 ERROR api Timeout connecting to Redis
2026-08-12T10:01:55 INFO api Health check passed
2026-08-12T10:01:56 INFO api Request completed status=200 latency=85ms
2026-08-12T10:01:57 INFO api Health check passed
2026-08-12T10:01:58 ERROR api Timeout connecting to Redis
2026-08-12T10:01:59 ERROR api Failed to process job job_id=job-455
2026-08-12T10:02:00 WARNING api High CPU usage
2026-08-12T10:02:01 WARNING api High memory usage
2026-08-12T10:02:02 ERROR api Timeout connecting to Redis
2026-08-12T10:02:03 INFO api Request completed status=200 latency=85ms
2026-08-12T10:02:04 INFO api Request completed status=200 latency=85ms
2026-08-12T10:02:05 INFO api Request completed status=200 latency=85ms
2026-08-12T10:02:06 INFO api Worker heartbeat received
2026-08-12T10:02:07 WARNING api High memory usage
2026-08-12T10:02:08 ERROR api Timeout connecting to Redis
2026-08-12T10:02:09 INFO api Worker heartbeat received
2026-08-12T10:02:10 INFO api Worker heartbeat received
2026-08-12T10:02:11 INFO api Request completed status=200 latency=120ms
2026-08-12T10:02:12 INFO api Request completed status=200 latency=85ms
2026-08-12T10:02:13 INFO api Request completed status=200 latency=85ms
2026-08-12T10:02:14 INFO api Request completed status=200 latency=85ms
2026-08-12T10:02:15 ERROR api Timeout connecting to Redis
2026-08-12T10:02:16 WARNING api High CPU usage
2026-08-12T10:02:17 INFO api Request completed status=200 latency=120ms
2026-08-12T10:02:18 INFO api Health check passed
2026-08-12T10:02:19 INFO api Request completed status=200 latency=120ms
2026-08-12T10:02:20 ERROR api Timeout connecting to Redis
2026-08-12T10:02:21 INFO api Request completed status=200 latency=85ms
2026-08-12T10:02:22 INFO api Request completed status=200 latency=85ms
2026-08-12T10:02:23 ERROR api Database connection failed
2026-08-12T10:02:24 INFO api Worker heartbeat received
2026-08-12T10:02:25 INFO api Request completed status=200 latency=120ms
2026-08-12T10:02:26 WARNING api High CPU usage
2026-08-12T10:02:27 ERROR api Failed to process job job_id=job-776
2026-08-12T10:02:28 WARNING api High memory usage
2026-08-12T10:02:29 ERROR api Failed to process job job_id=job-548
2026-08-12T10:02:30 INFO api Health check passed
2026-08-12T10:02:31 INFO api Health check passed
2026-08-12T10:02:32 ERROR api Timeout connecting to Redis
2026-08-12T10:02:33 INFO api Worker heartbeat received
2026-08-12T10:02:34 INFO api Worker heartbeat received
2026-08-12T10:02:35 INFO api Request completed status=200 latency=120ms
2026-08-12T10:02:36 ERROR api Timeout connecting to Redis
2026-08-12T10:02:37 WARNING api High memory usage
2026-08-12T10:02:38 INFO api Request completed status=200 latency=120ms
2026-08-12T10:02:39 INFO api Health check passed
2026-08-12T10:02:40 INFO api Request completed status=200 latency=85ms
2026-08-12T10:02:41 INFO api Request completed status=200 latency=85ms
2026-08-12T10:02:42 ERROR api Upstream service returned status=503 duration=1593ms
2026-08-12T10:02:43 INFO api Worker heartbeat received
2026-08-12T10:02:44 INFO api Worker heartbeat received
2026-08-12T10:02:45 ERROR api Upstream service returned status=503 duration=3656ms
2026-08-12T10:02:46 INFO api Request completed status=200 latency=85ms
2026-08-12T10:02:47 INFO api Request completed status=200 latency=85ms
2026-08-12T10:02:48 INFO api Request completed status=200 latency=120ms
2026-08-12T10:02:49 INFO api Request completed status=200 latency=85ms
2026-08-12T10:02:50 INFO api Health check passed
2026-08-12T10:02:51 ERROR api Timeout connecting to Redis
2026-08-12T10:02:52 ERROR api Failed to process job job_id=job-428
2026-08-12T10:02:53 ERROR api Timeout connecting to Redis
2026-08-12T10:02:54 INFO api Request completed status=200 latency=85ms
2026-08-12T10:02:55 INFO api Request completed status=200 latency=120ms
2026-08-12T10:02:56 INFO api Request completed status=200 latency=120ms
2026-08-12T10:02:57 INFO api Request completed status=200 latency=120ms
2026-08-12T10:02:58 WARNING api High memory usage
2026-08-12T10:02:59 INFO api Worker heartbeat received
2026-08-12T10:03:00 INFO api Health check passed
2026-08-12T10:03:01 INFO api Request completed status=200 latency=85ms
2026-08-12T10:03:02 INFO api Health check passed
2026-08-12T10:03:03 INFO api Request completed status=200 latency=85ms
2026-08-12T10:03:04 WARNING api High CPU usage
2026-08-12T10:03:05 ERROR api Timeout connecting to Redis
2026-08-12T10:03:06 INFO api Health check passed
2026-08-12T10:03:07 INFO api Worker heartbeat received
2026-08-12T10:03:08 WARNING api High CPU usage
2026-08-12T10:03:09 ERROR api Timeout connecting to Redis
2026-08-12T10:03:10 ERROR api Database connection failed
2026-08-12T10:03:11 INFO api Request completed status=200 latency=120ms
2026-08-12T10:03:12 INFO api Worker heartbeat received
2026-08-12T10:03:13 INFO api Request completed status=200 latency=85ms
2026-08-12T10:03:14 ERROR api Database connection failed
2026-08-12T10:03:15 INFO api Request completed status=200 latency=85ms
2026-08-12T10:03:16 INFO api Request completed status=200 latency=85ms
2026-08-12T10:03:17 ERROR api Timeout connecting to Redis
2026-08-12T10:03:18 INFO api Worker heartbeat received
2026-08-12T10:03:19 WARNING api High memory usage
2026-08-12T10:03:20 INFO api Request completed status=200 latency=120ms
2026-08-12T10:03:21 INFO api Request completed status=200 latency=85ms
2026-08-12T10:03:22 INFO api Request completed status=200 latency=85ms
2026-08-12T10:03:23 ERROR api Failed to process job job_id=job-449
2026-08-12T10:03:24 WARNING api High CPU usage
2026-08-12T10:03:25 WARNING api High memory usage
2026-08-12T10:03:26 INFO api Health check passed
2026-08-12T10:03:27 INFO api Worker heartbeat received
2026-08-12T10:03:28 INFO api Request completed status=200 latency=85ms
2026-08-12T10:03:29 INFO api Worker heartbeat received
2026-08-12T10:03:30 ERROR api Timeout connecting to Redis
2026-08-12T10:03:31 INFO api Request completed status=200 latency=120ms
2026-08-12T10:03:32 ERROR api Timeout connecting to Redis
2026-08-12T10:03:33 WARNING api High CPU usage
2026-08-12T10:03:34 INFO api Request completed status=200 latency=120ms
2026-08-12T10:03:35 ERROR api Database connection failed
2026-08-12T10:03:36 INFO api Request completed status=200 latency=120ms
2026-08-12T10:03:37 WARNING api High memory usage
2026-08-12T10:03:38 INFO api Request completed status=200 latency=120ms
2026-08-12T10:03:39 ERROR api Failed to process job job_id=job-361
2026-08-12T10:03:40 ERROR api Failed to process job job_id=job-552
2026-08-12T10:03:41 ERROR api Database connection failed
2026-08-12T10:03:42 ERROR api Timeout connecting to Redis
2026-08-12T10:03:43 ERROR api Timeout connecting to Redis
2026-08-12T10:03:44 INFO api Worker heartbeat received
2026-08-12T10:03:45 INFO api Request completed status=200 latency=85ms
2026-08-12T10:03:46 ERROR api Database connection failed
2026-08-12T10:03:47 ERROR api Failed to process job job_id=job-967
2026-08-12T10:03:48 INFO api Request completed status=200 latency=120ms
2026-08-12T10:03:49 ERROR api Timeout connecting to Redis
2026-08-12T10:03:50 INFO api Request completed status=200 latency=85ms
2026-08-12T10:03:51 ERROR api Timeout connecting to Redis
2026-08-12T10:03:52 ERROR api Upstream service returned status=503 duration=3510ms
2026-08-12T10:03:53 ERROR api Timeout connecting to Redis
2026-08-12T10:03:54 INFO api Health check passed
2026-08-12T10:03:55 INFO api Request completed status=200 latency=120ms
2026-08-12T10:03:56 ERROR api Upstream service returned status=503 duration=1115ms
2026-08-12T10:03:57 INFO api Health check passed
2026-08-12T10:03:58 ERROR api Failed to process job job_id=job-632
2026-08-12T10:03:59 INFO api Worker heartbeat received
2026-08-12T10:04:00 ERROR api Failed to process job job_id=job-577
2026-08-12T10:04:01 INFO api Request completed status=200 latency=85ms
2026-08-12T10:04:02 INFO api Worker heartbeat received
2026-08-12T10:04:03 ERROR api Failed to process job job_id=job-156
2026-08-12T10:04:04 INFO api Request completed status=200 latency=120ms
2026-08-12T10:04:05 INFO api Worker heartbeat received
2026-08-12T10:04:06 ERROR api Failed to process job job_id=job-642
2026-08-12T10:04:07 INFO api Request completed status=200 latency=120ms
2026-08-12T10:04:08 INFO api Request completed status=200 latency=85ms
2026-08-12T10:04:09 INFO api Request completed status=200 latency=85ms
2026-08-12T10:04:10 ERROR api Failed to process job job_id=job-680
2026-08-12T10:04:11 ERROR api Upstream service returned status=503 duration=3478ms
2026-08-12T10:04:12 INFO api Request completed status=200 latency=120ms
2026-08-12T10:04:13 INFO api Worker heartbeat received
2026-08-12T10:04:14 ERROR api Database connection failed
2026-08-12T10:04:15 INFO api Request completed status=200 latency=120ms
2026-08-12T10:04:16 ERROR api Failed to process job job_id=job-920
2026-08-12T10:04:17 INFO api Health check passed
2026-08-12T10:04:18 ERROR api Timeout connecting to Redis
2026-08-12T10:04:19 ERROR api Upstream service returned status=503 duration=5399ms
2026-08-12T10:04:20 INFO api Health check passed
2026-08-12T10:04:21 INFO api Health check passed
2026-08-12T10:04:22 INFO api Health check passed
2026-08-12T10:04:23 ERROR api Failed to process job job_id=job-902
2026-08-12T10:04:24 INFO api Health check passed
2026-08-12T10:04:25 ERROR api Timeout connecting to Redis
2026-08-12T10:04:26 INFO api Worker heartbeat received
2026-08-12T10:04:27 WARNING api High CPU usage
2026-08-12T10:04:28 WARNING api High CPU usage
2026-08-12T10:04:29 INFO api Request completed status=200 latency=120ms
2026-08-12T10:04:30 INFO api Request completed status=200 latency=120ms
2026-08-12T10:04:31 WARNING api High memory usage
2026-08-12T10:04:32 ERROR api Upstream service returned status=503 duration=2136ms
2026-08-12T10:04:33 INFO api Worker heartbeat received
2026-08-12T10:04:34 INFO api Request completed status=200 latency=120ms
2026-08-12T10:04:35 INFO api Health check passed
2026-08-12T10:04:36 ERROR api Timeout connecting to Redis
2026-08-12T10:04:37 ERROR api Upstream service returned status=503 duration=5784ms
2026-08-12T10:04:38 INFO api Health check passed
2026-08-12T10:04:39 ERROR api Upstream service returned status=503 duration=4580ms
2026-08-12T10:04:40 ERROR api Timeout connecting to Redis
2026-08-12T10:04:41 INFO api Request completed status=200 latency=120ms
2026-08-12T10:04:42 INFO api Worker heartbeat received
2026-08-12T10:04:43 WARNING api High memory usage
2026-08-12T10:04:44 ERROR api Failed to process job job_id=job-401
2026-08-12T10:04:45 INFO api Request completed status=200 latency=85ms
2026-08-12T10:04:46 INFO api Request completed status=200 latency=85ms
2026-08-12T10:04:47 ERROR api Failed to process job job_id=job-624
2026-08-12T10:04:48 INFO api Health check passed
2026-08-12T10:04:49 ERROR api Timeout connecting to Redis
2026-08-12T10:04:50 ERROR api Timeout connecting to Redis
2026-08-12T10:04:51 ERROR api Upstream service returned status=503 duration=4677ms
2026-08-12T10:04:52 INFO api Request completed status=200 latency=120ms
2026-08-12T10:04:53 ERROR api Failed to process job job_id=job-979
2026-08-12T10:04:54 INFO api Worker heartbeat received
2026-08-12T10:04:55 WARNING api High CPU usage
2026-08-12T10:04:56 WARNING api High memory usage
2026-08-12T10:04:57 INFO api Request completed status=200 latency=85ms
2026-08-12T10:04:58 INFO api Worker heartbeat received
2026-08-12T10:04:59 ERROR api Failed to process job job_id=job-473
